Component: ARM Compiler 5.06 update 7 (build 960) Tool: armlink [4d3601]

==============================================================================

Section Cross References

    main.o(.text) refers to delay.o(.text) for delay_init
    main.o(.text) refers to os_core.o(.text) for OSInit
    main.o(.text) refers to cpu_a.o(.text) for CPU_SR_Save
    main.o(.text) refers to start_task.o(.text) for StartTaskCreate
    system_stm32f4xx.o(.text) refers to system_stm32f4xx.o(.data) for SystemCoreClock
    start_task.o(.text) refers to misc.o(.text) for NVIC_PriorityGroupConfig
    start_task.o(.text) refers to delay.o(.text) for delay_init
    start_task.o(.text) refers to tim2.o(.text) for TIM2_Init
    start_task.o(.text) refers to uart3.o(.text) for USART3_Init
    start_task.o(.text) refers to uart6.o(.text) for USART6_Config
    start_task.o(.text) refers to os_task.o(.text) for OS_TaskResume
    start_task.o(.text) refers to cpu_core.o(.text) for CPU_Init
    start_task.o(.text) refers to os_stat.o(.text) for OSStatTaskCPUUsageInit
    start_task.o(.text) refers to cpu_a.o(.text) for CPU_SR_Save
    start_task.o(.text) refers to start_task.o(.bss) for SphereMoveTaskTCB
    start_task.o(.text) refers to spheremove_task.o(.text) for SphereMove_task
    spheremove_task.o(.text) refers to pstwo.o(.text) for PS2_Receive
    spheremove_task.o(.text) refers to uart3.o(.text) for get_steering_engine_status
    spheremove_task.o(.text) refers to dynamics.o(.text) for dynamic_torque
    spheremove_task.o(.text) refers to rt_memcpy_v6.o(.text) for __aeabi_memcpy
    spheremove_task.o(.text) refers to os_time.o(.text) for OSTimeDly
    spheremove_task.o(.text) refers to spheremove_task.o(.bss) for torque
    uart1.o(.text) refers to stm32f4xx_rcc.o(.text) for RCC_AHB1PeriphClockCmd
    uart1.o(.text) refers to stm32f4xx_gpio.o(.text) for GPIO_PinAFConfig
    uart1.o(.text) refers to misc.o(.text) for NVIC_Init
    uart1.o(.text) refers to stm32f4xx_usart.o(.text) for USART_DeInit
    uart1.o(.text) refers to os_core.o(.text) for OSIntEnter
    uart1.o(.text) refers to uart1.o(.data) for ch
    uart2.o(.text) refers to _scanf_str.o(.text) for _scanf_string
    uart2.o(.text) refers to scanf1.o(x$fpl$scanf1) for _scanf_real
    uart2.o(.text) refers to stm32f4xx_rcc.o(.text) for RCC_AHB1PeriphClockCmd
    uart2.o(.text) refers to stm32f4xx_gpio.o(.text) for GPIO_PinAFConfig
    uart2.o(.text) refers to misc.o(.text) for NVIC_Init
    uart2.o(.text) refers to stm32f4xx_usart.o(.text) for USART_DeInit
    uart2.o(.text) refers to os_core.o(.text) for OSIntEnter
    uart2.o(.text) refers to __0sscanf.o(.text) for __0sscanf
    uart2.o(.text) refers to uart2.o(.data) for count
    uart2.o(.text) refers to uart2.o(.bss) for UWB_rx_buffer
    uart3.o(.text) refers to stm32f4xx_rcc.o(.text) for RCC_AHB1PeriphClockCmd
    uart3.o(.text) refers to stm32f4xx_gpio.o(.text) for GPIO_PinAFConfig
    uart3.o(.text) refers to misc.o(.text) for NVIC_Init
    uart3.o(.text) refers to stm32f4xx_usart.o(.text) for USART_DeInit
    uart3.o(.text) refers to stm32f4xx_dma.o(.text) for DMA_DeInit
    uart3.o(.text) refers to uart3.o(.bss) for rx_buffer
    uart3.o(.text) refers to uart3.o(.data) for check_sum
    uart3.o(.text) refers to os_core.o(.text) for OSIntEnter
    uart6.o(.text) refers to stm32f4xx_rcc.o(.text) for RCC_AHB1PeriphClockCmd
    uart6.o(.text) refers to stm32f4xx_gpio.o(.text) for GPIO_PinAFConfig
    uart6.o(.text) refers to misc.o(.text) for NVIC_Init
    uart6.o(.text) refers to stm32f4xx_usart.o(.text) for USART_DeInit
    uart6.o(.text) refers to stm32f4xx_dma.o(.text) for DMA_DeInit
    uart6.o(.text) refers to f2d.o(x$fpl$f2d) for __aeabi_f2d
    uart6.o(.text) refers to dmul.o(x$fpl$dmul) for __aeabi_dmul
    uart6.o(.text) refers to d2f.o(x$fpl$d2f) for __aeabi_d2f
    uart6.o(.text) refers to uart6.o(.bss) for sbus_rx_buffer
    uart6.o(.text) refers to uart6.o(.data) for Gyrc_raw_data_x
    uart6.o(.text) refers to stm32f4xx_tim.o(.text) for TIM_GetCounter
    uart6.o(.text) refers to dflt_clz.o(x$fpl$dfltu) for __aeabi_ui2d
    uart6.o(.text) refers to daddsub_clz.o(x$fpl$dadd) for __aeabi_dadd
    uart6.o(.text) refers to daddsub_clz.o(x$fpl$dsub) for __aeabi_dsub
    uart6.o(.text) refers to drleqf.o(x$fpl$drleqf) for __aeabi_cdrcmple
    uart6.o(.text) refers to dleqf.o(x$fpl$dleqf) for __aeabi_cdcmple
    uart6.o(.text) refers to os_core.o(.text) for OSIntEnter
    uart6.o(.text) refers to tim2.o(.data) for time_count
    pstwo.o(.text) refers to stm32f4xx_rcc.o(.text) for RCC_AHB1PeriphClockCmd
    pstwo.o(.text) refers to stm32f4xx_gpio.o(.text) for GPIO_Init
    pstwo.o(.text) refers to delay.o(.text) for delay_us
    pstwo.o(.text) refers to pstwo.o(.bss) for Data
    pstwo.o(.text) refers to pstwo.o(.data) for Comd
    kinematic.o(.text) refers to f2d.o(x$fpl$f2d) for __aeabi_f2d
    kinematic.o(.text) refers to dmul.o(x$fpl$dmul) for __aeabi_dmul
[...]
    CPU_CntTrailZeros64                      0x080095ed   Thumb Code    62  cpu_core.o(.text)
    CPU_IntDis                               0x08009639   Thumb Code     0  cpu_a.o(.text)
    CPU_IntEn                                0x0800963d   Thumb Code     0  cpu_a.o(.text)
    CPU_SR_Save                              0x08009641   Thumb Code     0  cpu_a.o(.text)
    CPU_SR_Restore                           0x08009649   Thumb Code     0  cpu_a.o(.text)
    CPU_WaitForInt                           0x0800964f   Thumb Code     0  cpu_a.o(.text)
    CPU_WaitForExcept                        0x08009653   Thumb Code     0  cpu_a.o(.text)
    CPU_CntLeadZeros                         0x08009657   Thumb Code     0  cpu_a.o(.text)
    CPU_CntTrailZeros                        0x0800965d   Thumb Code     0  cpu_a.o(.text)
    CPU_RevBits                              0x08009667   Thumb Code     0  cpu_a.o(.text)
    ASCII_IsAlpha                            0x0800966d   Thumb Code    48  lib_ascii.o(.text)
    ASCII_IsAlphaNum                         0x0800969d   Thumb Code    76  lib_ascii.o(.text)
    ASCII_IsLower                            0x080096e9   Thumb Code    20  lib_ascii.o(.text)
    ASCII_IsUpper                            0x080096fd   Thumb Code    20  lib_ascii.o(.text)
    ASCII_IsDig                              0x08009711   Thumb Code    20  lib_ascii.o(.text)
    ASCII_IsDigOct                           0x08009725   Thumb Code    20  lib_ascii.o(.text)
    ASCII_IsDigHex                           0x08009739   Thumb Code    36  lib_ascii.o(.text)
    ASCII_IsBlank                            0x0800975d   Thumb Code    20  lib_ascii.o(.text)
    ASCII_IsSpace                            0x08009771   Thumb Code    36  lib_ascii.o(.text)
    ASCII_IsPrint                            0x08009795   Thumb Code    20  lib_ascii.o(.text)
    ASCII_IsGraph                            0x080097a9   Thumb Code    20  lib_ascii.o(.text)
    ASCII_IsPunct                            0x080097bd   Thumb Code   134  lib_ascii.o(.text)
    ASCII_IsCtrl                             0x08009843   Thumb Code    26  lib_ascii.o(.text)
    ASCII_ToLower                            0x0800985d   Thumb Code    32  lib_ascii.o(.text)
    ASCII_ToUpper                            0x0800987d   Thumb Code    32  lib_ascii.o(.text)
    ASCII_Cmp                                0x0800989d   Thumb Code    38  lib_ascii.o(.text)
    Mem_Init                                 0x080098c5   Thumb Code    54  lib_mem.o(.text)
    Mem_Set                                  0x080098fb   Thumb Code    84  lib_mem.o(.text)
    Mem_Clr                                  0x0800994f   Thumb Code    18  lib_mem.o(.text)
    Mem_Move                                 0x08009961   Thumb Code   186  lib_mem.o(.text)
    Mem_Cmp                                  0x08009a1b   Thumb Code   192  lib_mem.o(.text)
    Mem_HeapAlloc                            0x08009b53   Thumb Code   168  lib_mem.o(.text)
    Mem_SegGetSizeRem                        0x08009bfb   Thumb Code   108  lib_mem.o(.text)
    Mem_HeapGetSizeRem                       0x08009c67   Thumb Code    22  lib_mem.o(.text)
    Mem_PoolClr                              0x08009c7d   Thumb Code    80  lib_mem.o(.text)
    Mem_PoolCreate                           0x08009ccd   Thumb Code   838  lib_mem.o(.text)
    Mem_PoolBlkGetNbrAvail                   0x0800a013   Thumb Code    52  lib_mem.o(.text)
    Mem_PoolBlkGet                           0x0800a047   Thumb Code   126  lib_mem.o(.text)
    Mem_PoolBlkGetUsedAtIx                   0x0800a0c5   Thumb Code   140  lib_mem.o(.text)
    Mem_PoolBlkFree                          0x0800a151   Thumb Code   152  lib_mem.o(.text)
    Mem_PoolBlkIxGet                         0x0800a1e9   Thumb Code   162  lib_mem.o(.text)
    Str_Len_N                                0x0800a28d   Thumb Code    28  lib_str.o(.text)
    Str_Len                                  0x0800a2a9   Thumb Code    20  lib_str.o(.text)
    Str_Copy_N                               0x0800a2bd   Thumb Code    70  lib_str.o(.text)
    Str_Copy                                 0x0800a303   Thumb Code    24  lib_str.o(.text)
    Str_Cat_N                                0x0800a31b   Thumb Code    90  lib_str.o(.text)
    Str_Cat                                  0x0800a375   Thumb Code    24  lib_str.o(.text)
    Str_Cmp_N                                0x0800a38d   Thumb Code   156  lib_str.o(.text)
    Str_Cmp                                  0x0800a429   Thumb Code    24  lib_str.o(.text)
    Str_CmpIgnoreCase_N                      0x0800a441   Thumb Code   264  lib_str.o(.text)
    Str_CmpIgnoreCase                        0x0800a549   Thumb Code    24  lib_str.o(.text)
    Str_Char_N                               0x0800a561   Thumb Code    74  lib_str.o(.text)
    Str_Char                                 0x0800a5ab   Thumb Code    24  lib_str.o(.text)
    Str_Char_Last_N                          0x0800a5c3   Thumb Code    76  lib_str.o(.text)
    Str_Char_Last                            0x0800a60f   Thumb Code    24  lib_str.o(.text)
    Str_Char_Replace_N                       0x0800a627   Thumb Code    52  lib_str.o(.text)
    Str_Char_Replace                         0x0800a65b   Thumb Code    28  lib_str.o(.text)
    Str_Str_N                                0x0800a677   Thumb Code   182  lib_str.o(.text)
    Str_Str                                  0x0800a72d   Thumb Code    24  lib_str.o(.text)
    Str_FmtNbr_Int32U                        0x0800a921   Thumb Code    46  lib_str.o(.text)
    Str_FmtNbr_Int32S                        0x0800a94f   Thumb Code    62  lib_str.o(.text)
    Str_ParseNbr_Int32U                      0x0800ab4b   Thumb Code    30  lib_str.o(.text)
    Str_ParseNbr_Int32S                      0x0800ab69   Thumb Code    74  lib_str.o(.text)
    Mem_Copy                                 0x0800abb9   Thumb Code     0  lib_mem_a.o(.text)
    OSCfg_Init                               0x0800add9   Thumb Code    72  os_cfg_app.o(.text)
    OS_IdleTask                              0x0800aea9   Thumb Code    60  os_core.o(.text)
    OS_IdleTaskInit                          0x0800aee5   Thumb Code    68  os_core.o(.text)
    OS_RdyListInit                           0x0800af29   Thumb Code    32  os_core.o(.text)
    OSInit                                   0x0800af49   Thumb Code   270  os_core.o(.text)
    OSIntEnter                               0x0800b057   Thumb Code    34  os_core.o(.text)
    OSIntExit                                0x0800b079   Thumb Code   188  os_core.o(.text)
    OSSched                                  0x0800b135   Thumb Code   130  os_core.o(.text)
    OS_SchedLockTimeMeasStart                0x0800b1b7   Thumb Code    20  os_core.o(.text)
    OSSchedLock                              0x0800b1cb   Thumb Code   104  os_core.o(.text)
    OS_SchedLockTimeMeasStop                 0x0800b233   Thumb Code    44  os_core.o(.text)
    OSSchedUnlock                            0x0800b25f   Thumb Code   274  os_core.o(.text)
    OSStart                                  0x0800b371   Thumb Code    78  os_core.o(.text)
    OSVersion                                0x0800b3bf   Thumb Code    12  os_core.o(.text)
    OS_PendDbgNameAdd                        0x0800b3cb   Thumb Code    66  os_core.o(.text)
    OS_PendListInsertPrio                    0x0800b40d   Thumb Code   102  os_core.o(.text)
    OS_PendDataInit                          0x0800b473   Thumb Code    38  os_core.o(.text)
    OS_RdyListRemove                         0x0800b499   Thumb Code    86  os_core.o(.text)
    OS_TaskBlock                             0x0800b4ef   Thumb Code    56  os_core.o(.text)
    OS_Pend                                  0x0800b527   Thumb Code    98  os_core.o(.text)
    OS_PendListRemove1                       0x0800b589   Thumb Code    66  os_core.o(.text)
    OS_PendListRemove                        0x0800b5cb   Thumb Code    48  os_core.o(.text)
    OS_PendAbort1                            0x0800b5fb   Thumb Code    36  os_core.o(.text)
    OS_RdyListInsertHead                     0x0800b61f   Thumb Code    58  os_core.o(.text)
    OS_RdyListInsertTail                     0x0800b659   Thumb Code    56  os_core.o(.text)
    OS_RdyListInsert                         0x0800b691   Thumb Code    40  os_core.o(.text)
    OS_TaskRdy                               0x0800b6b9   Thumb Code    28  os_core.o(.text)
    OS_PendAbort                             0x0800b6d5   Thumb Code   216  os_core.o(.text)
    OS_PendDbgNameRemove                     0x0800b7ad   Thumb Code    34  os_core.o(.text)
    OS_PendListChangePrio                    0x0800b7cf   Thumb Code    70  os_core.o(.text)
    OS_PendListInit                          0x0800b815   Thumb Code    10  os_core.o(.text)
    OS_PendListInsertHead                    0x0800b81f   Thumb Code    32  os_core.o(.text)
    OS_PendObjDel1                           0x0800b83f   Thumb Code    36  os_core.o(.text)
    OS_PendObjDel                            0x0800b863   Thumb Code   162  os_core.o(.text)
    OS_Post1                                 0x0800b905   Thumb Code    42  os_core.o(.text)
    OS_Post                                  0x0800b92f   Thumb Code   192  os_core.o(.text)
    OS_RdyListMoveHeadToTail                 0x0800b9ef   Thumb Code    68  os_core.o(.text)
    OS_Dbg_Init                              0x0800ba35   Thumb Code   144  os_dbg.o(.text)
    OS_FlagDbgListAdd                        0x0800bbdd   Thumb Code    38  os_flag.o(.text)
    OSFlagCreate                             0x0800bc03   Thumb Code   116  os_flag.o(.text)
    OS_FlagClr                               0x0800bc77   Thumb Code    28  os_flag.o(.text)
    OS_FlagDbgListRemove                     0x0800bc93   Thumb Code    44  os_flag.o(.text)
    OSFlagDel                                0x0800bcbf   Thumb Code   306  os_flag.o(.text)
    OS_FlagBlock                             0x0800bdf1   Thumb Code    58  os_flag.o(.text)
    OSFlagPend                               0x0800be2b   Thumb Code  1248  os_flag.o(.text)
    OSFlagPendAbort                          0x0800c30b   Thumb Code   236  os_flag.o(.text)
    OSFlagPendGetFlagsRdy                    0x0800c3f7   Thumb Code    86  os_flag.o(.text)
    OS_FlagTaskRdy                           0x0800c44d   Thumb Code    86  os_flag.o(.text)
    OS_FlagPost                              0x0800c4a3   Thumb Code   418  os_flag.o(.text)
    OSFlagPost                               0x0800c645   Thumb Code   112  os_flag.o(.text)
    OS_FlagInit                              0x0800c6b5   Thumb Code    14  os_flag.o(.text)
    OS_MemDbgListAdd                         0x0800c6d5   Thumb Code    34  os_mem.o(.text)
    OSMemCreate                              0x0800c6f7   Thumb Code   232  os_mem.o(.text)
    OSMemGet                                 0x0800c7df   Thumb Code   100  os_mem.o(.text)
    OSMemPut                                 0x0800c843   Thumb Code   112  os_mem.o(.text)
    OS_MemInit                               0x0800c8b3   Thumb Code    14  os_mem.o(.text)
    OS_MsgPoolCreate                         0x0800c8d1   Thumb Code    54  os_msg.o(.text)
    OS_MsgPoolInit                           0x0800c907   Thumb Code    70  os_msg.o(.text)
    OS_MsgQFreeAll                           0x0800c94d   Thumb Code    62  os_msg.o(.text)
    OS_MsgQInit                              0x0800c98b   Thumb Code    14  os_msg.o(.text)
    OS_MsgQGet                               0x0800c999   Thumb Code    98  os_msg.o(.text)
    OS_MsgQPut                               0x0800c9fb   Thumb Code   246  os_msg.o(.text)
    OS_MutexDbgListAdd                       0x0800cafd   Thumb Code    38  os_mutex.o(.text)
    OSMutexCreate                            0x0800cb23   Thumb Code   122  os_mutex.o(.text)
    OS_MutexClr                              0x0800cb9d   Thumb Code    38  os_mutex.o(.text)
    OS_MutexDbgListRemove                    0x0800cbc3   Thumb Code    44  os_mutex.o(.text)
    OSMutexDel                               0x0800cbef   Thumb Code   442  os_mutex.o(.text)
    OSMutexPend                              0x0800cda9   Thumb Code   618  os_mutex.o(.text)
    OSMutexPendAbort                         0x0800d013   Thumb Code   236  os_mutex.o(.text)
    OSMutexPost                              0x0800d0ff   Thumb Code   354  os_mutex.o(.text)
    OS_MutexInit                             0x0800d261   Thumb Code    14  os_mutex.o(.text)
    OS_PrioInit                              0x0800d289   Thumb Code    20  os_prio.o(.text)
    OS_PrioGetHighest                        0x0800d29d   Thumb Code    36  os_prio.o(.text)
    OS_PrioInsert                            0x0800d2c1   Thumb Code    32  os_prio.o(.text)
    OS_PrioRemove                            0x0800d2e1   Thumb Code    32  os_prio.o(.text)
    OS_QDbgListAdd                           0x0800d305   Thumb Code    38  os_q.o(.text)
    OSQCreate                                0x0800d32b   Thumb Code   130  os_q.o(.text)
    OS_QClr                                  0x0800d3ad   Thumb Code    40  os_q.o(.text)
    OS_QDbgListRemove                        0x0800d3d5   Thumb Code    44  os_q.o(.text)
    OSQDel                                   0x0800d401   Thumb Code   306  os_q.o(.text)
    OSQFlush                                 0x0800d533   Thumb Code   106  os_q.o(.text)
    OSQPend                                  0x0800d59d   Thumb Code   484  os_q.o(.text)
    OSQPendAbort                             0x0800d781   Thumb Code   236  os_q.o(.text)
    OS_QPost                                 0x0800d86d   Thumb Code   190  os_q.o(.text)
    OSQPost                                  0x0800d92b   Thumb Code   144  os_q.o(.text)
    OS_QInit                                 0x0800d9bb   Thumb Code    14  os_q.o(.text)
    OS_SemDbgListAdd                         0x0800d9dd   Thumb Code    38  os_sem.o(.text)
    OSSemCreate                              0x0800da03   Thumb Code   116  os_sem.o(.text)
    OS_SemClr                                0x0800da77   Thumb Code    28  os_sem.o(.text)
    OS_SemDbgListRemove                      0x0800da93   Thumb Code    44  os_sem.o(.text)
    OSSemDel                                 0x0800dabf   Thumb Code   306  os_sem.o(.text)
    OSSemPend                                0x0800dbf1   Thumb Code   406  os_sem.o(.text)
    OSSemPendAbort                           0x0800dd87   Thumb Code   278  os_sem.o(.text)
    OS_SemPost                               0x0800de9d   Thumb Code   294  os_sem.o(.text)
    OSSemPost                                0x0800dfc3   Thumb Code   108  os_sem.o(.text)
    OSSemSet                                 0x0800e02f   Thumb Code   120  os_sem.o(.text)
    OS_SemInit                               0x0800e0a7   Thumb Code    14  os_sem.o(.text)
    OSStatReset                              0x0800e0c5   Thumb Code   262  os_stat.o(.text)
    OSStatTaskCPUUsageInit                   0x0800e1cb   Thumb Code   212  os_stat.o(.text)
    OS_StatTask                              0x0800e29f   Thumb Code   768  os_stat.o(.text)
    OS_StatTaskInit                          0x0800e59f   Thumb Code   138  os_stat.o(.text)
    OSTaskChangePrio                         0x0800e66d   Thumb Code   274  os_task.o(.text)
    OS_TaskDbgListAdd                        0x0800e77f   Thumb Code    42  os_task.o(.text)
    OS_TaskInitTCB                           0x0800e7a9   Thumb Code   186  os_task.o(.text)
    OSTaskCreate                             0x0800e863   Thumb Code   396  os_task.o(.text)
    OS_TaskDbgListRemove                     0x0800e9ef   Thumb Code    64  os_task.o(.text)
    OSTaskDel                                0x0800ea2f   Thumb Code   320  os_task.o(.text)
    OSTaskQFlush                             0x0800eb6f   Thumb Code   110  os_task.o(.text)
    OSTaskQPend                              0x0800ebdd   Thumb Code   458  os_task.o(.text)
    OSTaskQPendAbort                         0x0800eda7   Thumb Code   186  os_task.o(.text)
    OS_TaskQPost                             0x0800ee61   Thumb Code   236  os_task.o(.text)
    OSTaskQPost                              0x0800ef4d   Thumb Code    82  os_task.o(.text)
    OSTaskRegGet                             0x0800ef9f   Thumb Code    78  os_task.o(.text)
    OSTaskRegGetID                           0x0800efed   Thumb Code    84  os_task.o(.text)
    OSTaskRegSet                             0x0800f041   Thumb Code    78  os_task.o(.text)
    OS_TaskResume                            0x0800f08f   Thumb Code   256  os_task.o(.text)
    OSTaskResume                             0x0800f18f   Thumb Code    96  os_task.o(.text)
    OSTaskSemPend                            0x0800f1ef   Thumb Code   482  os_task.o(.text)
    OSTaskSemPendAbort                       0x0800f3d1   Thumb Code   214  os_task.o(.text)
    OS_TaskSemPost                           0x0800f4a7   Thumb Code   448  os_task.o(.text)
    OSTaskSemPost                            0x0800f667   Thumb Code    62  os_task.o(.text)
    OSTaskSemSet                             0x0800f6a5   Thumb Code    80  os_task.o(.text)
    OSTaskStkChk                             0x0800f6f5   Thumb Code   212  os_task.o(.text)
    OS_TaskSuspend                           0x0800f7c9   Thumb Code   272  os_task.o(.text)
    OSTaskSuspend                            0x0800f8d9   Thumb Code    48  os_task.o(.text)
    OS_TaskInit                              0x0800f909   Thumb Code    18  os_task.o(.text)
    OS_TaskReturn                            0x0800f91b   Thumb Code    20  os_task.o(.text)
    OS_TickListRemove                        0x0800f94d   Thumb Code    56  os_tick.o(.text)
    OS_TickListUpdate                        0x0800f985   Thumb Code   376  os_tick.o(.text)
    OS_TickTask                              0x0800fafd   Thumb Code    38  os_tick.o(.text)
    OS_TickListInit                          0x0800fb23   Thumb Code    32  os_tick.o(.text)
    OS_TickTaskInit                          0x0800fb43   Thumb Code   130  os_tick.o(.text)
    OS_TickListInsert                        0x0800fbc5   Thumb Code   430  os_tick.o(.text)
    OS_TickListResetPeak                     0x0800fd73   Thumb Code    94  os_tick.o(.text)
    OSTimeDly                                0x0800fdd1   Thumb Code   182  os_time.o(.text)
    OSTimeDlyHMSM                            0x0800fe87   Thumb Code   394  os_time.o(.text)
    OSTimeDlyResume                          0x08010011   Thumb Code   334  os_time.o(.text)
    OSTimeGet                                0x0801015f   Thumb Code    46  os_time.o(.text)
    OSTimeSet                                0x0801018d   Thumb Code    68  os_time.o(.text)
    OSTimeTick                               0x080101d1   Thumb Code    50  os_time.o(.text)
    OS_TmrDbgListAdd                         0x08010215   Thumb Code    34  os_tmr.o(.text)
    OSTmrCreate                              0x08010237   Thumb Code   192  os_tmr.o(.text)
    OS_TmrClr                                0x080102f7   Thumb Code    36  os_tmr.o(.text)
    OS_TmrUnlink                             0x0801031b   Thumb Code    72  os_tmr.o(.text)
    OS_TmrDbgListRemove                      0x08010363   Thumb Code    44  os_tmr.o(.text)
    OSTmrDel                                 0x0801038f   Thumb Code   176  os_tmr.o(.text)
    OSTmrRemainGet                           0x0801043f   Thumb Code   184  os_tmr.o(.text)
    OS_TmrLink                               0x080104f7   Thumb Code   196  os_tmr.o(.text)
    OSTmrStart                               0x080105bb   Thumb Code   208  os_tmr.o(.text)
    OSTmrStateGet                            0x0801068b   Thumb Code   134  os_tmr.o(.text)
    OSTmrStop                                0x08010711   Thumb Code   232  os_tmr.o(.text)
    OS_TmrTask                               0x080107f9   Thumb Code   176  os_tmr.o(.text)
    OS_TmrInit                               0x080108a9   Thumb Code   208  os_tmr.o(.text)
    OS_TmrResetPeak                          0x08010979   Thumb Code    28  os_tmr.o(.text)
    OSIdleTaskHook                           0x080109f1   Thumb Code    16  os_cpu_c.o(.text)
    OSInitHook                               0x08010a01   Thumb Code    28  os_cpu_c.o(.text)
    OSStatTaskHook                           0x08010a1d   Thumb Code    16  os_cpu_c.o(.text)
    OSTaskCreateHook                         0x08010a2d   Thumb Code    20  os_cpu_c.o(.text)
    OSTaskDelHook                            0x08010a41   Thumb Code    20  os_cpu_c.o(.text)
    OSTaskReturnHook                         0x08010a55   Thumb Code    20  os_cpu_c.o(.text)
    OSTaskStkInit                            0x08010a69   Thumb Code   600  os_cpu_c.o(.text)
    OSTaskSwHook                             0x08010cc1   Thumb Code   120  os_cpu_c.o(.text)
    OSTimeTickHook                           0x08010d39   Thumb Code    16  os_cpu_c.o(.text)
    OS_CPU_SysTickHandler                    0x08010d49   Thumb Code    52  os_cpu_c.o(.text)
    OS_CPU_SysTickInit                       0x08010d7d   Thumb Code    44  os_cpu_c.o(.text)
    __aeabi_uldivmod                         0x08010de9   Thumb Code     0  lludivv7m.o(.text)
    _ll_udiv                                 0x08010de9   Thumb Code   238  lludivv7m.o(.text)
    __0sscanf                                0x08010ed9   Thumb Code    52  __0sscanf.o(.text)
    _scanf_string                            0x08010f15   Thumb Code   224  _scanf_str.o(.text)
    __aeabi_memcpy                           0x08010ff5   Thumb Code     0  rt_memcpy_v6.o(.text)
    __rt_memcpy                              0x08010ff5   Thumb Code   138  rt_memcpy_v6.o(.text)
    _memcpy_lastbytes                        0x0801105b   Thumb Code     0  rt_memcpy_v6.o(.text)
    __use_two_region_memory                  0x0801107f   Thumb Code     2  heapauxi.o(.text)
    __rt_heap_escrow$2region                 0x08011081   Thumb Code     2  heapauxi.o(.text)
    __rt_heap_expand$2region                 0x08011083   Thumb Code     2  heapauxi.o(.text)
    __read_errno                             0x08011085   Thumb Code    10  _rserrno.o(.text)
    __set_errno                              0x0801108f   Thumb Code    12  _rserrno.o(.text)
    _scanf_really_real                       0x080112e9   Thumb Code   684  scanf_fp.o(.text)
    __vfscanf_char                           0x080115a1   Thumb Code    24  scanf_char.o(.text)
    _sgetc                                   0x080115c1   Thumb Code    30  _sgetc.o(.text)
    _sbackspace                              0x080115df   Thumb Code    34  _sgetc.o(.text)
    __aeabi_memcpy4                          0x08011601   Thumb Code     0  rt_memcpy_w.o(.text)
    __aeabi_memcpy8                          0x08011601   Thumb Code     0  rt_memcpy_w.o(.text)
    __rt_memcpy_w                            0x08011601   Thumb Code   100  rt_memcpy_w.o(.text)
    _memcpy_lastbytes_aligned                0x08011649   Thumb Code     0  rt_memcpy_w.o(.text)
    __rt_locale                              0x08011665   Thumb Code     8  rt_locale_intlibspace.o(.text)
    __aeabi_errno_addr                       0x0801166d   Thumb Code     8  rt_errno_addr_intlibspace.o(.text)
    __errno$intlibspace                      0x0801166d   Thumb Code     0  rt_errno_addr_intlibspace.o(.text)
    __rt_errno_addr$intlibspace              0x0801166d   Thumb Code     0  rt_errno_addr_intlibspace.o(.text)
    isspace                                  0x08011675   Thumb Code    18  isspace.o(.text)
    __vfscanf                                0x08011689   Thumb Code   880  _scanf.o(.text)
    _btod_etento                             0x080119fd   Thumb Code   224  bigflt0.o(.text)
    __user_libspace                          0x08011ae1   Thumb Code     8  libspace.o(.text)
    __user_perproc_libspace                  0x08011ae1   Thumb Code     0  libspace.o(.text)
    __user_perthread_libspace                0x08011ae1   Thumb Code     0  libspace.o(.text)
    __user_setup_stackheap                   0x08011ae9   Thumb Code    74  sys_stackheap_outer.o(.text)
    __rt_ctype_table                         0x08011b35   Thumb Code    16  rt_ctype_table.o(.text)
    _scanf_really_hex_real                   0x08011b45   Thumb Code   786  scanf_hexfp.o(.text)
    _scanf_really_infnan                     0x08011e65   Thumb Code   292  scanf_infnan.o(.text)
    exit                                     0x08011f99   Thumb Code    18  exit.o(.text)
    strcmp                                   0x08011fad   Thumb Code   128  strcmpv7m.o(.text)
    __aeabi_llsl                             0x0801202d   Thumb Code     0  llshl.o(.text)
    _ll_shift_l                              0x0801202d   Thumb Code    38  llshl.o(.text)
    _chval                                   0x08012053   Thumb Code    28  _chval.o(.text)
    _sys_exit                                0x08012071   Thumb Code     8  sys_exit.o(.text)
    __I$use$semihosting                      0x0801207d   Thumb Code     0  use_no_semi.o(.text)
    __use_no_semihosting_swi                 0x0801207d   Thumb Code     2  use_no_semi.o(.text)
    __btod_div_common                        0x0801207f   Thumb Code   696  btod.o(CL$$btod_div_common)
    __semihosting_library_function           0x0801207f   Thumb Code     0  indicate_semi.o(.text)
    _e2d                                     0x080123b9   Thumb Code   122  btod.o(CL$$btod_e2d)
    _e2e                                     0x0801243d   Thumb Code   220  btod.o(CL$$btod_e2e)
    _btod_ediv                               0x08012519   Thumb Code    42  btod.o(CL$$btod_ediv)
    _btod_edivd                              0x08012543   Thumb Code    42  btod.o(CL$$btod_edivd)
    _btod_emul                               0x0801256d   Thumb Code    42  btod.o(CL$$btod_emul)
    _btod_emuld                              0x08012597   Thumb Code    42  btod.o(CL$$btod_emuld)
    __btod_mult_common                       0x080125c1   Thumb Code   580  btod.o(CL$$btod_mult_common)
    OSStartHighRdy                           0x08012805   Thumb Code     0  os_cpu_a.o(CODE)
    OSCtxSw                                  0x08012827   Thumb Code     0  os_cpu_a.o(CODE)
    OSIntCtxSw                               0x08012831   Thumb Code     0  os_cpu_a.o(CODE)
    PendSV_Handler                           0x0801283b   Thumb Code     0  os_cpu_a.o(CODE)
    __ARM_fpclassify                         0x080128b1   Thumb Code    48  fpclassify.o(i.__ARM_fpclassify)
    __hardfp___mathlib_tofloat               0x080128e1   Thumb Code   232  narrow.o(i.__hardfp___mathlib_tofloat)
    __hardfp_cos                             0x080129d9   Thumb Code   180  cos.o(i.__hardfp_cos)
    __hardfp_ldexp                           0x08012aa1   Thumb Code   200  ldexp.o(i.__hardfp_ldexp)
    __hardfp_sin                             0x08012b71   Thumb Code   180  sin.o(i.__hardfp_sin)
    __hardfp_sqrt                            0x08012c39   Thumb Code   122  sqrt.o(i.__hardfp_sqrt)
    __ieee754_rem_pio2                       0x08012cb9   Thumb Code   938  rred.o(i.__ieee754_rem_pio2)
    __kernel_cos                             0x080130f1   Thumb Code   322  cos_i.o(i.__kernel_cos)
    __kernel_poly                            0x08013261   Thumb Code   248  poly.o(i.__kernel_poly)
    __kernel_sin                             0x08013359   Thumb Code   280  sin_i.o(i.__kernel_sin)
    __mathlib_dbl_infnan                     0x08013489   Thumb Code    20  dunder.o(i.__mathlib_dbl_infnan)
    __mathlib_dbl_invalid                    0x080134a1   Thumb Code    24  dunder.o(i.__mathlib_dbl_invalid)
    __mathlib_dbl_overflow                   0x080134c1   Thumb Code    24  dunder.o(i.__mathlib_dbl_overflow)
    __mathlib_dbl_underflow                  0x080134e1   Thumb Code    24  dunder.o(i.__mathlib_dbl_underflow)
    __mathlib_narrow                         0x08013501   Thumb Code    18  narrow.o(i.__mathlib_narrow)
    __support_ldexp                          0x08013513   Thumb Code    20  ldexp.o(i.__support_ldexp)
    _is_digit                                0x08013527   Thumb Code    14  scanf_fp.o(i._is_digit)
    fabs                                     0x08013535   Thumb Code    24  fabs.o(i.fabs)
    frexp                                    0x08013551   Thumb Code   118  frexp.o(i.frexp)
    _get_lc_numeric                          0x080135dd   Thumb Code    44  lc_numeric_c.o(locale$$code)
    _get_lc_ctype                            0x08013609   Thumb Code    44  lc_ctype_c.o(locale$$code)
    __aeabi_dneg                             0x08013635   Thumb Code     0  basic.o(x$fpl$basic)
    _dneg                                    0x08013635   Thumb Code     6  basic.o(x$fpl$basic)
    __aeabi_fneg                             0x0801363b   Thumb Code     0  basic.o(x$fpl$basic)
    _fneg                                    0x0801363b   Thumb Code     6  basic.o(x$fpl$basic)
    _dabs                                    0x08013641   Thumb Code     6  basic.o(x$fpl$basic)
    _fabs                                    0x08013647   Thumb Code     6  basic.o(x$fpl$basic)
    __aeabi_d2f                              0x0801364d   Thumb Code     0  d2f.o(x$fpl$d2f)
    _d2f                                     0x0801364d   Thumb Code    98  d2f.o(x$fpl$d2f)
    __aeabi_dadd                             0x080136b1   Thumb Code     0  daddsub_clz.o(x$fpl$dadd)
    _dadd                                    0x080136b1   Thumb Code   332  daddsub_clz.o(x$fpl$dadd)
    __fpl_dcheck_NaN1                        0x08013801   Thumb Code    10  dcheck1.o(x$fpl$dcheck1)
    __fpl_dcmp_Inf                           0x08013811   Thumb Code    24  dcmpi.o(x$fpl$dcmpinf)
    __aeabi_ddiv                             0x08013829   Thumb Code     0  ddiv.o(x$fpl$ddiv)
    _ddiv                                    0x08013829   Thumb Code   552  ddiv.o(x$fpl$ddiv)
    __aeabi_cdcmpeq                          0x08013ad9   Thumb Code     0  deqf.o(x$fpl$deqf)
    _dcmpeq                                  0x08013ad9   Thumb Code   120  deqf.o(x$fpl$deqf)
    __aeabi_d2iz                             0x08013b51   Thumb Code     0  dfix.o(x$fpl$dfix)
    _dfix                                    0x08013b51   Thumb Code    94  dfix.o(x$fpl$dfix)
    __aeabi_i2d                              0x08013baf   Thumb Code     0  dflt_clz.o(x$fpl$dflt)
    _dflt                                    0x08013baf   Thumb Code    46  dflt_clz.o(x$fpl$dflt)
    __aeabi_ui2d                             0x08013bdd   Thumb Code     0  dflt_clz.o(x$fpl$dfltu)
    _dfltu                                   0x08013bdd   Thumb Code    38  dflt_clz.o(x$fpl$dfltu)
    __aeabi_cdcmple                          0x08013c05   Thumb Code     0  dleqf.o(x$fpl$dleqf)
    _dcmple                                  0x08013c05   Thumb Code   120  dleqf.o(x$fpl$dleqf)
    __fpl_dcmple_InfNaN                      0x08013c67   Thumb Code     0  dleqf.o(x$fpl$dleqf)
    __aeabi_dmul                             0x08013c7d   Thumb Code     0  dmul.o(x$fpl$dmul)
    _dmul                                    0x08013c7d   Thumb Code   332  dmul.o(x$fpl$dmul)
    __fpl_dnaninf                            0x08013dd1   Thumb Code   156  dnaninf.o(x$fpl$dnaninf)
    __fpl_dretinf                            0x08013e6d   Thumb Code    12  dretinf.o(x$fpl$dretinf)
    __aeabi_cdrcmple                         0x08013e79   Thumb Code     0  drleqf.o(x$fpl$drleqf)
    _drcmple                                 0x08013e79   Thumb Code   108  drleqf.o(x$fpl$drleqf)
    __aeabi_drsub                            0x08013ee5   Thumb Code     0  daddsub_clz.o(x$fpl$drsb)
    _drsb                                    0x08013ee5   Thumb Code    22  daddsub_clz.o(x$fpl$drsb)
    _dsqrt                                   0x08013efd   Thumb Code   404  dsqrt_umaal.o(x$fpl$dsqrt)
    __aeabi_dsub                             0x08014095   Thumb Code     0  daddsub_clz.o(x$fpl$dsub)
    _dsub                                    0x08014095   Thumb Code   464  daddsub_clz.o(x$fpl$dsub)
    __aeabi_f2d                              0x08014269   Thumb Code     0  f2d.o(x$fpl$f2d)
    _f2d                                     0x08014269   Thumb Code    86  f2d.o(x$fpl$f2d)
    __fpl_fnaninf                            0x080142bf   Thumb Code   140  fnaninf.o(x$fpl$fnaninf)
    _fp_init                                 0x0801434b   Thumb Code    10  fpinit.o(x$fpl$fpinit)
    __fplib_config_fpu_vfp                   0x08014353   Thumb Code     0  fpinit.o(x$fpl$fpinit)
    __fplib_config_pureend_doubles           0x08014353   Thumb Code     0  fpinit.o(x$fpl$fpinit)
    __fpl_fretinf                            0x08014355   Thumb Code    10  fretinf.o(x$fpl$fretinf)
    __ieee_status                            0x0801435f   Thumb Code     6  istatus.o(x$fpl$ieeestatus)
    __fpl_return_NaN                         0x08014365   Thumb Code   100  retnan.o(x$fpl$retnan)
    __ARM_scalbn                             0x080143c9   Thumb Code    92  scalbn.o(x$fpl$scalbn)
    _scanf_real                              0x08014425   Thumb Code     4  scanf1.o(x$fpl$scanf1)
    _scanf_hex_real                          0x08014429   Thumb Code     4  scanf2.o(x$fpl$scanf2)
    _scanf_infnan                            0x0801442d   Thumb Code     4  scanf2.o(x$fpl$scanf2)
    __fpl_cmpreturn                          0x08014431   Thumb Code    48  trapv.o(x$fpl$trapveneer)
    __I$use$fp                               0x08014460   Number         0  usenofp.o(x$fpl$usenofp)
    CPU_EndiannessTest                       0x08014560   Data           4  cpu_core.o(.constdata)
    OSCfg_IdleTaskStkBasePtr                 0x080145f8   Data           4  os_cfg_app.o(.constdata)
    OSCfg_IdleTaskStkLimit                   0x080145fc   Data           4  os_cfg_app.o(.constdata)
    OSCfg_IdleTaskStkSize                    0x08014600   Data           4  os_cfg_app.o(.constdata)
    OSCfg_IdleTaskStkSizeRAM                 0x08014604   Data           4  os_cfg_app.o(.constdata)
    OSCfg_IntQBasePtr                        0x08014608   Data           4  os_cfg_app.o(.constdata)
    OSCfg_IntQSize                           0x0801460c   Data           2  os_cfg_app.o(.constdata)
    OSCfg_IntQSizeRAM                        0x08014610   Data           4  os_cfg_app.o(.constdata)
    OSCfg_IntQTaskStkBasePtr                 0x08014614   Data           4  os_cfg_app.o(.constdata)
    OSCfg_IntQTaskStkLimit                   0x08014618   Data           4  os_cfg_app.o(.constdata)
    OSCfg_IntQTaskStkSize                    0x0801461c   Data           4  os_cfg_app.o(.constdata)
    OSCfg_IntQTaskStkSizeRAM                 0x08014620   Data           4  os_cfg_app.o(.constdata)
    OSCfg_ISRStkBasePtr                      0x08014624   Data           4  os_cfg_app.o(.constdata)
    OSCfg_ISRStkSize                         0x08014628   Data           4  os_cfg_app.o(.constdata)
    OSCfg_ISRStkSizeRAM                      0x0801462c   Data           4  os_cfg_app.o(.constdata)
    OSCfg_MsgPoolSize                        0x08014630   Data           2  os_cfg_app.o(.constdata)
    OSCfg_MsgPoolSizeRAM                     0x08014634   Data           4  os_cfg_app.o(.constdata)
    OSCfg_MsgPoolBasePtr                     0x08014638   Data           4  os_cfg_app.o(.constdata)
    OSCfg_StatTaskPrio                       0x0801463c   Data           1  os_cfg_app.o(.constdata)
    OSCfg_StatTaskRate_Hz                    0x08014640   Data           4  os_cfg_app.o(.constdata)
    OSCfg_StatTaskStkBasePtr                 0x08014644   Data           4  os_cfg_app.o(.constdata)
    OSCfg_StatTaskStkLimit                   0x08014648   Data           4  os_cfg_app.o(.constdata)
    OSCfg_StatTaskStkSize                    0x0801464c   Data           4  os_cfg_app.o(.constdata)
    OSCfg_StatTaskStkSizeRAM                 0x08014650   Data           4  os_cfg_app.o(.constdata)
    OSCfg_StkSizeMin                         0x08014654   Data           4  os_cfg_app.o(.constdata)
    OSCfg_TickRate_Hz                        0x08014658   Data           4  os_cfg_app.o(.constdata)
    OSCfg_TickTaskPrio                       0x0801465c   Data           1  os_cfg_app.o(.constdata)
    OSCfg_TickTaskStkBasePtr                 0x08014660   Data           4  os_cfg_app.o(.constdata)
    OSCfg_TickTaskStkLimit                   0x08014664   Data           4  os_cfg_app.o(.constdata)
    OSCfg_TickTaskStkSize                    0x08014668   Data           4  os_cfg_app.o(.constdata)
    OSCfg_TickTaskStkSizeRAM                 0x0801466c   Data           4  os_cfg_app.o(.constdata)
    OSCfg_TickWheelSize                      0x08014670   Data           2  os_cfg_app.o(.constdata)
    OSCfg_TickWheelSizeRAM                   0x08014674   Data           4  os_cfg_app.o(.constdata)
    OSCfg_TmrTaskPrio                        0x08014678   Data           1  os_cfg_app.o(.constdata)
    OSCfg_TmrTaskRate_Hz                     0x0801467c   Data           4  os_cfg_app.o(.constdata)
    OSCfg_TmrTaskStkBasePtr                  0x08014680   Data           4  os_cfg_app.o(.constdata)
    OSCfg_TmrTaskStkLimit                    0x08014684   Data           4  os_cfg_app.o(.constdata)
    OSCfg_TmrTaskStkSize                     0x08014688   Data           4  os_cfg_app.o(.constdata)
    OSCfg_TmrTaskStkSizeRAM                  0x0801468c   Data           4  os_cfg_app.o(.constdata)
    OSCfg_TmrWheelSize                       0x08014690   Data           2  os_cfg_app.o(.constdata)
    OSCfg_TmrWheelSizeRAM                    0x08014694   Data           4  os_cfg_app.o(.constdata)
    OSCfg_DataSizeRAM                        0x08014698   Data           4  os_cfg_app.o(.constdata)
    OSDbg_DbgEn                              0x0801469c   Data           2  os_dbg.o(.constdata)
    OSDbg_ArgChkEn                           0x0801469e   Data           1  os_dbg.o(.constdata)
    OSDbg_AppHooksEn                         0x0801469f   Data           1  os_dbg.o(.constdata)
    OSDbg_EndiannessTest                     0x080146a0   Data           4  os_dbg.o(.constdata)
    OSDbg_CalledFromISRChkEn                 0x080146a4   Data           1  os_dbg.o(.constdata)
    OSDbg_FlagEn                             0x080146a5   Data           1  os_dbg.o(.constdata)
    OSDbg_FlagGrp                            0x080146a8   Data          40  os_dbg.o(.constdata)
    OSDbg_FlagDelEn                          0x080146d0   Data           1  os_dbg.o(.constdata)
    OSDbg_FlagModeClrEn                      0x080146d1   Data           1  os_dbg.o(.constdata)
    OSDbg_FlagPendAbortEn                    0x080146d2   Data           1  os_dbg.o(.constdata)
    OSDbg_FlagGrpSize                        0x080146d4   Data           2  os_dbg.o(.constdata)
    OSDbg_FlagWidth                          0x080146d6   Data           2  os_dbg.o(.constdata)
    OSDbg_IntQ                               0x080146d8   Data           2  os_dbg.o(.constdata)
    OSDbg_ISRPostDeferredEn                  0x080146da   Data           1  os_dbg.o(.constdata)
    OSDbg_Mem                                0x080146dc   Data          32  os_dbg.o(.constdata)
    OSDbg_MemEn                              0x080146fc   Data           1  os_dbg.o(.constdata)
    OSDbg_MemSize                            0x080146fe   Data           2  os_dbg.o(.constdata)
    OSDbg_MsgEn                              0x08014700   Data           1  os_dbg.o(.constdata)
    OSDbg_MsgSize                            0x08014702   Data           2  os_dbg.o(.constdata)
    OSDbg_MsgPoolSize                        0x08014704   Data           2  os_dbg.o(.constdata)
    OSDbg_MsgQSize                           0x08014706   Data           2  os_dbg.o(.constdata)
    OSDbg_Mutex                              0x08014708   Data          44  os_dbg.o(.constdata)
    OSDbg_MutexEn                            0x08014734   Data           1  os_dbg.o(.constdata)
    OSDbg_MutexDelEn                         0x08014735   Data           1  os_dbg.o(.constdata)
    OSDbg_MutexPendAbortEn                   0x08014736   Data           1  os_dbg.o(.constdata)
    OSDbg_MutexSize                          0x08014738   Data           2  os_dbg.o(.constdata)
    OSDbg_ObjTypeChkEn                       0x0801473a   Data           1  os_dbg.o(.constdata)
    OSDbg_PendMultiEn                        0x0801473b   Data           1  os_dbg.o(.constdata)
    OSDbg_PendDataSize                       0x0801473c   Data           2  os_dbg.o(.constdata)
    OSDbg_PendListSize                       0x0801473e   Data           2  os_dbg.o(.constdata)
    OSDbg_PendObjSize                        0x08014740   Data           2  os_dbg.o(.constdata)
    OSDbg_PrioMax                            0x08014742   Data           2  os_dbg.o(.constdata)
    OSDbg_PrioTblSize                        0x08014744   Data           2  os_dbg.o(.constdata)
    OSDbg_PtrSize                            0x08014746   Data           2  os_dbg.o(.constdata)
    OSDbg_Q                                  0x08014748   Data          48  os_dbg.o(.constdata)
    OSDbg_QEn                                0x08014778   Data           1  os_dbg.o(.constdata)
    OSDbg_QDelEn                             0x08014779   Data           1  os_dbg.o(.constdata)
    OSDbg_QFlushEn                           0x0801477a   Data           1  os_dbg.o(.constdata)
    OSDbg_QPendAbortEn                       0x0801477b   Data           1  os_dbg.o(.constdata)
    OSDbg_QSize                              0x0801477c   Data           2  os_dbg.o(.constdata)
    OSDbg_SchedRoundRobinEn                  0x0801477e   Data           1  os_dbg.o(.constdata)
    OSDbg_Sem                                0x08014780   Data          40  os_dbg.o(.constdata)
    OSDbg_SemEn                              0x080147a8   Data           1  os_dbg.o(.constdata)
    OSDbg_SemDelEn                           0x080147a9   Data           1  os_dbg.o(.constdata)
    OSDbg_SemPendAbortEn                     0x080147aa   Data           1  os_dbg.o(.constdata)
    OSDbg_SemSetEn                           0x080147ab   Data           1  os_dbg.o(.constdata)
    OSDbg_SemSize                            0x080147ac   Data           2  os_dbg.o(.constdata)
    OSDbg_RdyList                            0x080147ae   Data           2  os_dbg.o(.constdata)
    OSDbg_RdyListSize                        0x080147b0   Data           4  os_dbg.o(.constdata)
    OSDbg_StkWidth                           0x080147b4   Data           1  os_dbg.o(.constdata)
    OSDbg_StatTaskEn                         0x080147b5   Data           1  os_dbg.o(.constdata)
    OSDbg_StatTaskStkChkEn                   0x080147b6   Data           1  os_dbg.o(.constdata)
    OSDbg_TaskChangePrioEn                   0x080147b7   Data           1  os_dbg.o(.constdata)
    OSDbg_TaskDelEn                          0x080147b8   Data           1  os_dbg.o(.constdata)
    OSDbg_TaskQEn                            0x080147b9   Data           1  os_dbg.o(.constdata)
    OSDbg_TaskQPendAbortEn                   0x080147ba   Data           1  os_dbg.o(.constdata)
    OSDbg_TaskProfileEn                      0x080147bb   Data           1  os_dbg.o(.constdata)
    OSDbg_TaskRegTblSize                     0x080147bc   Data           2  os_dbg.o(.constdata)
    OSDbg_TaskSemPendAbortEn                 0x080147be   Data           1  os_dbg.o(.constdata)
    OSDbg_TaskSuspendEn                      0x080147bf   Data           1  os_dbg.o(.constdata)
    OSDbg_TCBSize                            0x080147c0   Data           2  os_dbg.o(.constdata)
    OSDbg_TickSpokeSize                      0x080147c2   Data           2  os_dbg.o(.constdata)
    OSDbg_TimeDlyHMSMEn                      0x080147c4   Data           1  os_dbg.o(.constdata)
    OSDbg_TimeDlyResumeEn                    0x080147c5   Data           1  os_dbg.o(.constdata)
    OSDbg_TLS_TblSize                        0x080147c6   Data           2  os_dbg.o(.constdata)
    OSDbg_Tmr                                0x080147c8   Data          52  os_dbg.o(.constdata)
    OSDbg_TmrEn                              0x080147fc   Data           1  os_dbg.o(.constdata)
    OSDbg_TmrDelEn                           0x080147fd   Data           1  os_dbg.o(.constdata)
    OSDbg_TmrSize                            0x080147fe   Data           2  os_dbg.o(.constdata)
    OSDbg_TmrSpokeSize                       0x08014800   Data           2  os_dbg.o(.constdata)
    OSDbg_VersionNbr                         0x08014802   Data           2  os_dbg.o(.constdata)
    OSDbg_DataSize                           0x08014804   Data           4  os_dbg.o(.constdata)
    Region$$Table$$Base                      0x080149bc   Number         0  anon$$obj.o(Region$$Table)
    Region$$Table$$Limit                     0x080149dc   Number         0  anon$$obj.o(Region$$Table)
    __aeabi_HUGE_VAL                         0x080149dc   Data           0  fpconst.o(c$$dinf)
    __aeabi_HUGE_VALL                        0x080149dc   Data           0  fpconst.o(c$$dinf)
    __aeabi_INFINITY                         0x080149dc   Data           0  fpconst.o(c$$dinf)
    __dInf                                   0x080149dc   Data           0  fpconst.o(c$$dinf)
    __huge_val                               0x080149dc   Data           0  fpconst.o(c$$dinf)
    __dbl_max                                0x080149e4   Data           0  fpconst.o(c$$dmax)
    __ctype                                  0x08014a15   Data           0  lc_ctype_c.o(locale$$data)
    SystemCoreClock                          0x20000000   Data           4  system_stm32f4xx.o(.data)
    AHBPrescTable                            0x20000004   Data          16  system_stm32f4xx.o(.data)
    ch                                       0x20000015   Data           1  uart2.o(.data)
    count                                    0x20000016   Data           1  uart2.o(.data)
    buffer_test                              0x20000018   Data           2  uart3.o(.data)
    test_aa                                  0x2000001a   Data           2  uart3.o(.data)
    test_bb                                  0x2000001c   Data           2  uart3.o(.data)
    angle_yaw                                0x20000020   Data           8  uart6.o(.data)
    round_count                              0x20000028   Data           2  uart6.o(.data)
    time                                     0x2000002c   Data           4  uart6.o(.data)
    V_angle                                  0x20000030   Data           8  uart6.o(.data)
    V_test                                   0x20000038   Data           4  uart6.o(.data)
    PS2_LX                                   0x20000074   Data           4  pstwo.o(.data)
    PS2_LY                                   0x20000078   Data           4  pstwo.o(.data)
    PS2_RX                                   0x2000007c   Data           4  pstwo.o(.data)
    PS2_RY                                   0x20000080   Data           4  pstwo.o(.data)
    PS2_KEY                                  0x20000084   Data           4  pstwo.o(.data)
    Handkey                                  0x20000088   Data           2  pstwo.o(.data)
    Comd                                     0x2000008a   Data           2  pstwo.o(.data)
    MASK                                     0x2000008c   Data          32  pstwo.o(.data)
    time_count                               0x200000ac   Data           2  tim2.o(.data)
    CPU_TS_TmrFreq_Hz                        0x200000dc   Data           4  cpu_core.o(.data)
    Mem_PoolTbl                              0x200000e0   Data           4  lib_mem.o(.data)
    OSPrioTbl                                0x200000e4   Data           8  os_prio.o(.data)
    OS_AppTaskCreateHookPtr                  0x200000ec   Data           4  os_var.o(.data)
    OS_AppTaskDelHookPtr                     0x200000f0   Data           4  os_var.o(.data)
    OS_AppTaskReturnHookPtr                  0x200000f4   Data           4  os_var.o(.data)
    OS_AppIdleTaskHookPtr                    0x200000f8   Data           4  os_var.o(.data)
    OS_AppStatTaskHookPtr                    0x200000fc   Data           4  os_var.o(.data)
    OS_AppTaskSwHookPtr                      0x20000100   Data           4  os_var.o(.data)
    OS_AppTimeTickHookPtr                    0x20000104   Data           4  os_var.o(.data)
    OSIdleTaskCtr                            0x20000108   Data           4  os_var.o(.data)
    OSIntNestingCtr                          0x2000010c   Data           1  os_var.o(.data)
    OSRunning                                0x2000010d   Data           1  os_var.o(.data)
    OSFlagDbgListPtr                         0x20000110   Data           4  os_var.o(.data)
    OSFlagQty                                0x20000114   Data           2  os_var.o(.data)
    OSMemDbgListPtr                          0x20000118   Data           4  os_var.o(.data)
    OSMemQty                                 0x2000011c   Data           2  os_var.o(.data)
    OSMutexDbgListPtr                        0x20000120   Data           4  os_var.o(.data)
    OSMutexQty                               0x20000124   Data           2  os_var.o(.data)
    OSPrioCur                                0x20000126   Data           1  os_var.o(.data)
    OSPrioHighRdy                            0x20000127   Data           1  os_var.o(.data)
    OSPrioSaved                              0x20000128   Data           1  os_var.o(.data)
    OSQDbgListPtr                            0x2000012c   Data           4  os_var.o(.data)
    OSQQty                                   0x20000130   Data           2  os_var.o(.data)
    OSSchedLockTimeBegin                     0x20000134   Data           4  os_var.o(.data)
    OSSchedLockTimeMax                       0x20000138   Data           4  os_var.o(.data)
    OSSchedLockTimeMaxCur                    0x2000013c   Data           4  os_var.o(.data)
    OSSchedLockNestingCtr                    0x20000140   Data           1  os_var.o(.data)
    OSSemDbgListPtr                          0x20000144   Data           4  os_var.o(.data)
    OSSemQty                                 0x20000148   Data           2  os_var.o(.data)
    OSStatResetFlag                          0x2000014a   Data           1  os_var.o(.data)
    OSStatTaskCPUUsage                       0x2000014c   Data           2  os_var.o(.data)
    OSStatTaskCPUUsageMax                    0x2000014e   Data           2  os_var.o(.data)
    OSStatTaskCtr                            0x20000150   Data           4  os_var.o(.data)
    OSStatTaskCtrMax                         0x20000154   Data           4  os_var.o(.data)
    OSStatTaskCtrRun                         0x20000158   Data           4  os_var.o(.data)
    OSStatTaskRdy                            0x2000015c   Data           1  os_var.o(.data)
    OSStatTaskTimeMax                        0x20000160   Data           4  os_var.o(.data)
    OSTaskCtxSwCtr                           0x20000164   Data           4  os_var.o(.data)
    OSTaskDbgListPtr                         0x20000168   Data           4  os_var.o(.data)
    OSTaskQty                                0x2000016c   Data           2  os_var.o(.data)
    OSTaskRegNextAvailID                     0x2000016e   Data           1  os_var.o(.data)
    OSTickCtr                                0x20000170   Data           4  os_var.o(.data)
    OSTickTaskTimeMax                        0x20000174   Data           4  os_var.o(.data)
    OSTmrDbgListPtr                          0x20000178   Data           4  os_var.o(.data)
    OSTmrQty                                 0x2000017c   Data           2  os_var.o(.data)
    OSTmrTaskTimeMax                         0x20000180   Data           4  os_var.o(.data)
    OSTmrTickCtr                             0x20000184   Data           4  os_var.o(.data)
    OSTmrUpdateCnt                           0x20000188   Data           4  os_var.o(.data)
    OSTmrUpdateCtr                           0x2000018c   Data           4  os_var.o(.data)
    OSTCBCurPtr                              0x20000190   Data           4  os_var.o(.data)
    OSTCBHighRdyPtr                          0x20000194   Data           4  os_var.o(.data)
    OS_CPU_ExceptStkBase                     0x20000198   Data           4  os_cpu_c.o(.data)
    StartTaskTCB                             0x2000019c   Data         196  start_task.o(.bss)
    START_TASK_STK                           0x20000260   Data         512  start_task.o(.bss)
    InitTaskTCB                              0x20000460   Data         196  start_task.o(.bss)
    INIT_TASK_STK                            0x20000524   Data         512  start_task.o(.bss)
    SphereMoveTaskTCB                        0x20000724   Data         196  start_task.o(.bss)
    SphereMove_TASK_STK                      0x200007e8   Data        4096  start_task.o(.bss)
    torque                                   0x200017e8   Data          16  spheremove_task.o(.bss)
    UWB_rx_buffer                            0x200017f8   Data         100  uart2.o(.bss)
    UWB_data                                 0x2000185c   Data          45  uart2.o(.bss)
    rx_buffer                                0x20001889   Data          22  uart3.o(.bss)
    Steer_engine_ID1                         0x2000189f   Data          15  uart3.o(.bss)
    Steer_engine_ID2                         0x200018ae   Data          15  uart3.o(.bss)
    Steer_engine_ID3                         0x200018bd   Data          15  uart3.o(.bss)
    Steer_engine_ID4                         0x200018cc   Data          15  uart3.o(.bss)
    sbus_rx_buffer                           0x200018e0   Data          35  uart6.o(.bss)
    Acc_Data                                 0x20001903   Data          16  uart6.o(.bss)
    Gyrc_Data                                0x20001913   Data          16  uart6.o(.bss)
    Angle_Data                               0x20001923   Data          16  uart6.o(.bss)
    Acc_angle_Data                           0x20001933   Data          12  uart6.o(.bss)
    Yaw_angle                                0x20001940   Data          16  uart6.o(.bss)
    Data                                     0x20001950   Data           9  pstwo.o(.bss)
    test_v                                   0x2000195c   Data          12  dynamics.o(.bss)
    test_m                                   0x20001968   Data          12  dynamics.o(.bss)
    CPU_Name                                 0x2000198c   Data          16  cpu_core.o(.bss)
    Mem_PoolHeap                             0x2000199c   Data          72  lib_mem.o(.bss)
    Mem_Heap                                 0x200019e4   Data        1024  lib_mem.o(.bss)
    OSCfg_IdleTaskStk                        0x20001de4   Data         512  os_cfg_app.o(.bss)
    OSCfg_ISRStk                             0x20001fe4   Data         512  os_cfg_app.o(.bss)
    OSCfg_MsgPool                            0x200021e4   Data        1600  os_cfg_app.o(.bss)
    OSCfg_StatTaskStk                        0x20002824   Data         512  os_cfg_app.o(.bss)
    OSCfg_TickTaskStk                        0x20002a24   Data         512  os_cfg_app.o(.bss)
    OSCfg_TickWheel                          0x20002c24   Data         136  os_cfg_app.o(.bss)
    OSCfg_TmrTaskStk                         0x20002cac   Data         512  os_cfg_app.o(.bss)
    OSCfg_TmrWheel                           0x20002eac   Data         136  os_cfg_app.o(.bss)
    OSIdleTaskTCB                            0x20002f34   Data         196  os_var.o(.bss)
    OSMsgPool                                0x20002ff8   Data          12  os_var.o(.bss)
    OSRdyList                                0x20003004   Data         768  os_var.o(.bss)
    OSStatTaskTCB                            0x20003304   Data         196  os_var.o(.bss)
    OSTickTaskTCB                            0x200033c8   Data         196  os_var.o(.bss)
    OSTmrTaskTCB                             0x2000348c   Data         196  os_var.o(.bss)
    __libspace_start                         0x20003550   Data          96  libspace.o(.bss)
    __temporary_stack_top$libspace           0x200035b0   Data           0  libspace.o(.bss)



==============================================================================

Memory Map of the image

  Image Entry point : 0x08000189

  Load Region LR_IROM1 (Base: 0x08000000, Size: 0x00014cb4, Max: 0x00100000, ABSOLUTE, COMPRESSED[0x00014b58])

    Execution Region ER_IROM1 (Exec base: 0x08000000, Load base: 0x08000000, Size: 0x00014b18, Max: 0x00100000, ABSOLUTE)

    Exec Addr    Load Addr    Size         Type   Attr      Idx    E Section Name        Object

    0x08000000   0x08000000   0x00000188   Data   RO          784    RESET               startup_stm32f40_41xxx.o
    0x08000188   0x08000188   0x00000008   Code   RO         1965  * !!!main             c_w.l(__main.o)
    0x08000190   0x08000190   0x00000034   Code   RO         2379    !!!scatter          c_w.l(__scatter.o)
    0x080001c4   0x080001c4   0x0000005a   Code   RO         2377    !!dczerorl2         c_w.l(__dczerorl2.o)
    0x0800021e   0x0800021e   0x00000002   PAD
    0x08000220   0x08000220   0x0000001c   Code   RO         2381    !!handler_zi        c_w.l(__scatter_zi.o)
    0x0800023c   0x0800023c   0x00000002   Code   RO         2208    .ARM.Collect$$libinit$$00000000  c_w.l(libinit.o)
    0x0800023e   0x0800023e   0x00000004   Code   RO         2209    .ARM.Collect$$libinit$$00000001  c_w.l(libinit2.o)
    0x08000242   0x08000242   0x00000000   Code   RO         2212    .ARM.Collect$$libinit$$00000004  c_w.l(libinit2.o)
    0x08000242   0x08000242   0x00000000   Code   RO         2215    .ARM.Collect$$libinit$$0000000A  c_w.l(libinit2.o)
    0x08000242   0x08000242   0x00000000   Code   RO         2217    .ARM.Collect$$libinit$$0000000C  c_w.l(libinit2.o)
    0x08000242   0x08000242   0x00000000   Code   RO         2219    .ARM.Collect$$libinit$$0000000E  c_w.l(libinit2.o)
    0x08000242   0x08000242   0x00000006   Code   RO         2220    .ARM.Collect$$libinit$$0000000F  c_w.l(libinit2.o)
    0x08000248   0x08000248   0x00000000   Code   RO         2222    .ARM.Collect$$libinit$$00000011  c_w.l(libinit2.o)
    0x08000248   0x08000248   0x0000000c   Code   RO         2223    .ARM.Collect$$libinit$$00000012  c_w.l(libinit2.o)
    0x08000254   0x08000254   0x00000000   Code   RO         2224    .ARM.Collect$$libinit$$00000013  c_w.l(libinit2.o)
    0x08000254   0x08000254   0x00000000   Code   RO         2226    .ARM.Collect$$libinit$$00000015  c_w.l(libinit2.o)
    0x08000254   0x08000254   0x0000000a   Code   RO         2227    .ARM.Collect$$libinit$$00000016  c_w.l(libinit2.o)
    0x0800025e   0x0800025e   0x00000000   Code   RO         2228    .ARM.Collect$$libinit$$00000017  c_w.l(libinit2.o)
    0x0800025e   0x0800025e   0x00000000   Code   RO         2230    .ARM.Collect$$libinit$$00000019  c_w.l(libinit2.o)
    0x0800025e   0x0800025e   0x00000000   Code   RO         2232    .ARM.Collect$$libinit$$0000001B  c_w.l(libinit2.o)
    0x0800025e   0x0800025e   0x00000000   Code   RO         2234    .ARM.Collect$$libinit$$0000001D  c_w.l(libinit2.o)
    0x0800025e   0x0800025e   0x00000000   Code   RO         2236    .ARM.Collect$$libinit$$0000001F  c_w.l(libinit2.o)
    0x0800025e   0x0800025e   0x00000000   Code   RO         2238    .ARM.Collect$$libinit$$00000021  c_w.l(libinit2.o)
    0x0800025e   0x0800025e   0x00000000   Code   RO         2240    .ARM.Collect$$libinit$$00000023  c_w.l(libinit2.o)
    0x0800025e   0x0800025e   0x00000000   Code   RO         2242    .ARM.Collect$$libinit$$00000025  c_w.l(libinit2.o)
    0x0800025e   0x0800025e   0x00000000   Code   RO         2246    .ARM.Collect$$libinit$$0000002C  c_w.l(libinit2.o)
    0x0800025e   0x0800025e   0x00000000   Code   RO         2248    .ARM.Collect$$libinit$$0000002E  c_w.l(libinit2.o)
    0x0800025e   0x0800025e   0x00000000   Code   RO         2250    .ARM.Collect$$libinit$$00000030  c_w.l(libinit2.o)
    0x0800025e   0x0800025e   0x00000000   Code   RO         2252    .ARM.Collect$$libinit$$00000032  c_w.l(libinit2.o)
    0x0800025e   0x0800025e   0x00000002   Code   RO         2253    .ARM.Collect$$libinit$$00000033  c_w.l(libinit2.o)
    0x08000260   0x08000260   0x00000002   Code   RO         2334    .ARM.Collect$$libshutdown$$00000000  c_w.l(libshutdown.o)
    0x08000262   0x08000262   0x00000000   Code   RO         2354    .ARM.Collect$$libshutdown$$00000002  c_w.l(libshutdown2.o)
    0x08000262   0x08000262   0x00000000   Code   RO         2356    .ARM.Collect$$libshutdown$$00000004  c_w.l(libshutdown2.o)
    0x08000262   0x08000262   0x00000000   Code   RO         2358    .ARM.Collect$$libshutdown$$00000006  c_w.l(libshutdown2.o)
    0x08000262   0x08000262   0x00000000   Code   RO         2361    .ARM.Collect$$libshutdown$$00000009  c_w.l(libshutdown2.o)
    0x08000262   0x08000262   0x00000000   Code   RO         2364    .ARM.Collect$$libshutdown$$0000000C  c_w.l(libshutdown2.o)
    0x08000262   0x08000262   0x00000000   Code   RO         2366    .ARM.Collect$$libshutdown$$0000000E  c_w.l(libshutdown2.o)
    0x08000262   0x08000262   0x00000000   Code   RO         2369    .ARM.Collect$$libshutdown$$00000011  c_w.l(libshutdown2.o)
    0x08000262   0x08000262   0x00000002   Code   RO         2370    .ARM.Collect$$libshutdown$$00000012  c_w.l(libshutdown2.o)
    0x08000264   0x08000264   0x00000000   Code   RO         2037    .ARM.Collect$$rtentry$$00000000  c_w.l(__rtentry.o)
    0x08000264   0x08000264   0x00000000   Code   RO         2096    .ARM.Collect$$rtentry$$00000002  c_w.l(__rtentry2.o)
    0x08000264   0x08000264   0x00000006   Code   RO         2108    .ARM.Collect$$rtentry$$00000004  c_w.l(__rtentry4.o)
    0x0800026a   0x0800026a   0x00000000   Code   RO         2098    .ARM.Collect$$rtentry$$00000009  c_w.l(__rtentry2.o)
    0x0800026a   0x0800026a   0x00000004   Code   RO         2099    .ARM.Collect$$rtentry$$0000000A  c_w.l(__rtentry2.o)
    0x0800026e   0x0800026e   0x00000000   Code   RO         2101    .ARM.Collect$$rtentry$$0000000C  c_w.l(__rtentry2.o)
    0x0800026e   0x0800026e   0x00000008   Code   RO         2102    .ARM.Collect$$rtentry$$0000000D  c_w.l(__rtentry2.o)
    0x08000276   0x08000276   0x00000002   Code   RO         2262    .ARM.Collect$$rtexit$$00000000  c_w.l(rtexit.o)
    0x08000278   0x08000278   0x00000000   Code   RO         2300    .ARM.Collect$$rtexit$$00000002  c_w.l(rtexit2.o)
    0x08000278   0x08000278   0x00000004   Code   RO         2301    .ARM.Collect$$rtexit$$00000003  c_w.l(rtexit2.o)
    0x0800027c   0x0800027c   0x00000006   Code   RO         2302    .ARM.Collect$$rtexit$$00000004  c_w.l(rtexit2.o)
    0x08000282   0x08000282   0x0000003a   Code   RO            3    .text               main.o
    0x080002bc   0x080002bc   0x00000016   Code   RO          224    .text               stm32f4xx_it.o
    0x080002d2   0x080002d2   0x00000002   PAD
    0x080002d4   0x080002d4   0x00000210   Code   RO          273    .text               system_stm32f4xx.o
    0x080004e4   0x080004e4   0x0000015c   Code   RO          299    .text               start_task.o
    0x08000640   0x08000640   0x000000a8   Code   RO          340    .text               spheremove_task.o
    0x080006e8   0x080006e8   0x000000ec   Code   RO          553    .text               uart1.o
    0x080007d4   0x080007d4   0x00000190   Code   RO          574    .text               uart2.o
    0x08000964   0x08000964   0x00000962   Code   RO          604    .text               uart3.o
    0x080012c6   0x080012c6   0x00000002   PAD
    0x080012c8   0x080012c8   0x00000898   Code   RO          631    .text               uart6.o
    0x08001b60   0x08001b60   0x00000478   Code   RO          658    .text               pstwo.o
    0x08001fd8   0x08001fd8   0x0000008c   Code   RO          711    .text               tim2.o
    0x08002064   0x08002064   0x0000007c   Code   RO          737    .text               tim3.o
    0x080020e0   0x080020e0   0x00005230   Code   RO          757    .text               dynamics.o
    0x08007310   0x08007310   0x00000040   Code   RO          785    .text               startup_stm32f40_41xxx.o
    0x08007350   0x08007350   0x000000e0   Code   RO          791    .text               misc.o
    0x08007430   0x08007430   0x000003a8   Code   RO          851    .text               stm32f4xx_dma.o
    0x080077d8   0x080077d8   0x00000294   Code   RO          871    .text               stm32f4xx_gpio.o
    0x08007a6c   0x08007a6c   0x0000065c   Code   RO          891    .text               stm32f4xx_rcc.o
    0x080080c8   0x080080c8   0x00000454   Code   RO          933    .text               stm32f4xx_usart.o
    0x0800851c   0x0800851c   0x00000ca2   Code   RO         1468    .text               stm32f4xx_tim.o
    0x080091be   0x080091be   0x00000002   PAD
    0x080091c0   0x080091c0   0x0000014c   Code   RO         1508    .text               delay.o
    0x0800930c   0x0800930c   0x00000084   Code   RO         1548    .text               bsp.o
    0x08009390   0x08009390   0x000002a8   Code   RO         1581    .text               cpu_core.o
    0x08009638   0x08009638   0x00000034   Code   RO         1607    .text               cpu_a.o
    0x0800966c   0x0800966c   0x00000256   Code   RO         1610    .text               lib_ascii.o
    0x080098c2   0x080098c2   0x00000002   PAD
    0x080098c4   0x080098c4   0x000009c6   Code   RO         1643    .text               lib_mem.o
    0x0800a28a   0x0800a28a   0x00000002   PAD
    0x0800a28c   0x0800a28c   0x0000092c   Code   RO         1662    .text               lib_str.o
    0x0800abb8   0x0800abb8   0x00000220   Code   RO         1679    .text               lib_mem_a.o
    0x0800add8   0x0800add8   0x000000d0   Code   RO         1682    .text               os_cfg_app.o
    0x0800aea8   0x0800aea8   0x00000b8a   Code   RO         1705    .text               os_core.o
    0x0800ba32   0x0800ba32   0x00000002   PAD
    0x0800ba34   0x0800ba34   0x000001a8   Code   RO         1717    .text               os_dbg.o
    0x0800bbdc   0x0800bbdc   0x00000af8   Code   RO         1732    .text               os_flag.o
    0x0800c6d4   0x0800c6d4   0x000001fc   Code   RO         1750    .text               os_mem.o
    0x0800c8d0   0x0800c8d0   0x0000022c   Code   RO         1762    .text               os_msg.o
    0x0800cafc   0x0800cafc   0x0000078c   Code   RO         1774    .text               os_mutex.o
    0x0800d288   0x0800d288   0x0000007c   Code   RO         1792    .text               os_prio.o
    0x0800d304   0x0800d304   0x000006d8   Code   RO         1811    .text               os_q.o
    0x0800d9dc   0x0800d9dc   0x000006e8   Code   RO         1823    .text               os_sem.o
    0x0800e0c4   0x0800e0c4   0x000005a8   Code   RO         1835    .text               os_stat.o
    0x0800e66c   0x0800e66c   0x000012e0   Code   RO         1847    .text               os_task.o
    0x0800f94c   0x0800f94c   0x00000484   Code   RO         1859    .text               os_tick.o
    0x0800fdd0   0x0800fdd0   0x00000444   Code   RO         1871    .text               os_time.o
    0x08010214   0x08010214   0x000007dc   Code   RO         1883    .text               os_tmr.o
    0x080109f0   0x080109f0   0x000003f8   Code   RO         1911    .text               os_cpu_c.o
    0x08010de8   0x08010de8   0x000000ee   Code   RO         1955    .text               c_w.l(lludivv7m.o)
    0x08010ed6   0x08010ed6   0x00000002   PAD
    0x08010ed8   0x08010ed8   0x0000003c   Code   RO         1957    .text               c_w.l(__0sscanf.o)
    0x08010f14   0x08010f14   0x000000e0   Code   RO         1959    .text               c_w.l(_scanf_str.o)
    0x08010ff4   0x08010ff4   0x0000008a   Code   RO         1961    .text               c_w.l(rt_memcpy_v6.o)
    0x0801107e   0x0801107e   0x00000006   Code   RO         1963    .text               c_w.l(heapauxi.o)
    0x08011084   0x08011084   0x00000016   Code   RO         2042    .text               c_w.l(_rserrno.o)
    0x0801109a   0x0801109a   0x00000002   PAD
    0x0801109c   0x0801109c   0x000004f8   Code   RO         2044    .text               c_w.l(scanf_fp.o)
    0x08011594   0x08011594   0x0000002c   Code   RO         2048    .text               c_w.l(scanf_char.o)
    0x080115c0   0x080115c0   0x00000040   Code   RO         2050    .text               c_w.l(_sgetc.o)
    0x08011600   0x08011600   0x00000064   Code   RO         2052    .text               c_w.l(rt_memcpy_w.o)
    0x08011664   0x08011664   0x00000008   Code   RO         2115    .text               c_w.l(rt_locale_intlibspace.o)
    0x0801166c   0x0801166c   0x00000008   Code   RO         2120    .text               c_w.l(rt_errno_addr_intlibspace.o)
    0x08011674   0x08011674   0x00000012   Code   RO         2122    .text               c_w.l(isspace.o)
    0x08011686   0x08011686   0x00000002   PAD
    0x08011688   0x08011688   0x00000374   Code   RO         2124    .text               c_w.l(_scanf.o)
    0x080119fc   0x080119fc   0x000000e4   Code   RO         2126    .text               c_w.l(bigflt0.o)
    0x08011ae0   0x08011ae0   0x00000008   Code   RO         2184    .text               c_w.l(libspace.o)
    0x08011ae8   0x08011ae8   0x0000004a   Code   RO         2187    .text               c_w.l(sys_stackheap_outer.o)
    0x08011b32   0x08011b32   0x00000002   PAD
    0x08011b34   0x08011b34   0x00000010   Code   RO         2189    .text               c_w.l(rt_ctype_table.o)
    0x08011b44   0x08011b44   0x00000320   Code   RO         2191    .text               c_w.l(scanf_hexfp.o)
    0x08011e64   0x08011e64   0x00000134   Code   RO         2193    .text               c_w.l(scanf_infnan.o)
    0x08011f98   0x08011f98   0x00000012   Code   RO         2195    .text               c_w.l(exit.o)
    0x08011faa   0x08011faa   0x00000002   PAD
    0x08011fac   0x08011fac   0x00000080   Code   RO         2201    .text               c_w.l(strcmpv7m.o)
    0x0801202c   0x0801202c   0x00000026   Code   RO         2266    .text               c_w.l(llshl.o)
    0x08012052   0x08012052   0x0000001c   Code   RO         2268    .text               c_w.l(_chval.o)
    0x0801206e   0x0801206e   0x00000002   PAD
    0x08012070   0x08012070   0x0000000c   Code   RO         2297    .text               c_w.l(sys_exit.o)
    0x0801207c   0x0801207c   0x00000002   Code   RO         2321    .text               c_w.l(use_no_semi.o)
    0x0801207e   0x0801207e   0x00000000   Code   RO         2323    .text               c_w.l(indicate_semi.o)
    0x0801207e   0x0801207e   0x00000338   Code   RO         2139    CL$$btod_div_common  c_w.l(btod.o)
    0x080123b6   0x080123b6   0x00000002   PAD
    0x080123b8   0x080123b8   0x00000084   Code   RO         2137    CL$$btod_e2d        c_w.l(btod.o)
    0x0801243c   0x0801243c   0x000000dc   Code   RO         2136    CL$$btod_e2e        c_w.l(btod.o)
    0x08012518   0x08012518   0x0000002a   Code   RO         2133    CL$$btod_ediv       c_w.l(btod.o)
    0x08012542   0x08012542   0x0000002a   Code   RO         2135    CL$$btod_edivd      c_w.l(btod.o)
    0x0801256c   0x0801256c   0x0000002a   Code   RO         2132    CL$$btod_emul       c_w.l(btod.o)
    0x08012596   0x08012596   0x0000002a   Code   RO         2134    CL$$btod_emuld      c_w.l(btod.o)
    0x080125c0   0x080125c0   0x00000244   Code   RO         2138    CL$$btod_mult_common  c_w.l(btod.o)
    0x08012804   0x08012804   0x000000ac   Code   RO         1935    CODE                os_cpu_a.o
    0x080128b0   0x080128b0   0x00000030   Code   RO         2172    i.__ARM_fpclassify  m_wm.l(fpclassify.o)
    0x080128e0   0x080128e0   0x000000f8   Code   RO         2174    i.__hardfp___mathlib_tofloat  m_wm.l(narrow.o)
    0x080129d8   0x080129d8   0x000000c8   Code   RO         2001    i.__hardfp_cos      m_wm.l(cos.o)
    0x08012aa0   0x08012aa0   0x000000d0   Code   RO         2281    i.__hardfp_ldexp    m_wm.l(ldexp.o)
    0x08012b70   0x08012b70   0x000000c8   Code   RO         2013    i.__hardfp_sin      m_wm.l(sin.o)
    0x08012c38   0x08012c38   0x0000007a   Code   RO         2025    i.__hardfp_sqrt     m_wm.l(sqrt.o)
    0x08012cb2   0x08012cb2   0x00000006   PAD
    0x08012cb8   0x08012cb8   0x00000438   Code   RO         2084    i.__ieee754_rem_pio2  m_wm.l(rred.o)
    0x080130f0   0x080130f0   0x00000170   Code   RO         2067    i.__kernel_cos      m_wm.l(cos_i.o)
    0x08013260   0x08013260   0x000000f8   Code   RO         2182    i.__kernel_poly     m_wm.l(poly.o)
    0x08013358   0x08013358   0x00000130   Code   RO         2089    i.__kernel_sin      m_wm.l(sin_i.o)
    0x08013488   0x08013488   0x00000014   Code   RO         2071    i.__mathlib_dbl_infnan  m_wm.l(dunder.o)
    0x0801349c   0x0801349c   0x00000004   PAD
    0x080134a0   0x080134a0   0x00000020   Code   RO         2073    i.__mathlib_dbl_invalid  m_wm.l(dunder.o)
    0x080134c0   0x080134c0   0x00000020   Code   RO         2074    i.__mathlib_dbl_overflow  m_wm.l(dunder.o)
    0x080134e0   0x080134e0   0x00000020   Code   RO         2076    i.__mathlib_dbl_underflow  m_wm.l(dunder.o)
    0x08013500   0x08013500   0x00000012   Code   RO         2175    i.__mathlib_narrow  m_wm.l(narrow.o)
    0x08013512   0x08013512   0x00000014   Code   RO         2283    i.__support_ldexp   m_wm.l(ldexp.o)
    0x08013526   0x08013526   0x0000000e   Code   RO         2046    i._is_digit         c_w.l(scanf_fp.o)
    0x08013534   0x08013534   0x00000018   Code   RO         2168    i.fabs              m_wm.l(fabs.o)
    0x0801354c   0x0801354c   0x00000004   PAD
    0x08013550   0x08013550   0x0000008c   Code   RO         2258    i.frexp             m_wm.l(frexp.o)
    0x080135dc   0x080135dc   0x0000002c   Code   RO         2152    locale$$code        c_w.l(lc_numeric_c.o)
    0x08013608   0x08013608   0x0000002c   Code   RO         2271    locale$$code        c_w.l(lc_ctype_c.o)
    0x08013634   0x08013634   0x00000018   Code   RO         1967    x$fpl$basic         fz_wm.l(basic.o)
    0x0801364c   0x0801364c   0x00000062   Code   RO         1969    x$fpl$d2f           fz_wm.l(d2f.o)
    0x080136ae   0x080136ae   0x00000002   PAD
    0x080136b0   0x080136b0   0x00000150   Code   RO         1971    x$fpl$dadd          fz_wm.l(daddsub_clz.o)
    0x08013800   0x08013800   0x00000010   Code   RO         2335    x$fpl$dcheck1       fz_wm.l(dcheck1.o)
    0x08013810   0x08013810   0x00000018   Code   RO         2054    x$fpl$dcmpinf       fz_wm.l(dcmpi.o)
    0x08013828   0x08013828   0x000002b0   Code   RO         1978    x$fpl$ddiv          fz_wm.l(ddiv.o)
    0x08013ad8   0x08013ad8   0x00000078   Code   RO         2254    x$fpl$deqf          fz_wm.l(deqf.o)
    0x08013b50   0x08013b50   0x0000005e   Code   RO         1981    x$fpl$dfix          fz_wm.l(dfix.o)
    0x08013bae   0x08013bae   0x0000002e   Code   RO         1986    x$fpl$dflt          fz_wm.l(dflt_clz.o)
    0x08013bdc   0x08013bdc   0x00000026   Code   RO         1985    x$fpl$dfltu         fz_wm.l(dflt_clz.o)
    0x08013c02   0x08013c02   0x00000002   PAD
    0x08013c04   0x08013c04   0x00000078   Code   RO         1991    x$fpl$dleqf         fz_wm.l(dleqf.o)
    0x08013c7c   0x08013c7c   0x00000154   Code   RO         1993    x$fpl$dmul          fz_wm.l(dmul.o)
    0x08013dd0   0x08013dd0   0x0000009c   Code   RO         2056    x$fpl$dnaninf       fz_wm.l(dnaninf.o)
    0x08013e6c   0x08013e6c   0x0000000c   Code   RO         2058    x$fpl$dretinf       fz_wm.l(dretinf.o)
    0x08013e78   0x08013e78   0x0000006c   Code   RO         1995    x$fpl$drleqf        fz_wm.l(drleqf.o)
    0x08013ee4   0x08013ee4   0x00000016   Code   RO         1972    x$fpl$drsb          fz_wm.l(daddsub_clz.o)
    0x08013efa   0x08013efa   0x00000002   PAD
    0x08013efc   0x08013efc   0x00000198   Code   RO         2060    x$fpl$dsqrt         fz_wm.l(dsqrt_umaal.o)
    0x08014094   0x08014094   0x000001d4   Code   RO         1973    x$fpl$dsub          fz_wm.l(daddsub_clz.o)
    0x08014268   0x08014268   0x00000056   Code   RO         1997    x$fpl$f2d           fz_wm.l(f2d.o)
    0x080142be   0x080142be   0x0000008c   Code   RO         2062    x$fpl$fnaninf       fz_wm.l(fnaninf.o)
    0x0801434a   0x0801434a   0x0000000a   Code   RO         2279    x$fpl$fpinit        fz_wm.l(fpinit.o)
    0x08014354   0x08014354   0x0000000a   Code   RO         2064    x$fpl$fretinf       fz_wm.l(fretinf.o)
    0x0801435e   0x0801435e   0x00000006   Code   RO         2158    x$fpl$ieeestatus    fz_wm.l(istatus.o)
    0x08014364   0x08014364   0x00000064   Code   RO         2371    x$fpl$retnan        fz_wm.l(retnan.o)
    0x080143c8   0x080143c8   0x0000005c   Code   RO         2314    x$fpl$scalbn        fz_wm.l(scalbn.o)
    0x08014424   0x08014424   0x00000004   Code   RO         1999    x$fpl$scanf1        fz_wm.l(scanf1.o)
    0x08014428   0x08014428   0x00000008   Code   RO         2160    x$fpl$scanf2        fz_wm.l(scanf2.o)
    0x08014430   0x08014430   0x00000030   Code   RO         2373    x$fpl$trapveneer    fz_wm.l(trapv.o)
    0x08014460   0x08014460   0x00000000   Code   RO         2066    x$fpl$usenofp       fz_wm.l(usenofp.o)
    0x08014460   0x08014460   0x00000104   Data   RO         1583    .constdata          cpu_core.o
    0x08014564   0x08014564   0x00000094   Data   RO         1663    .constdata          lib_str.o
    0x080145f8   0x080145f8   0x000000a4   Data   RO         1684    .constdata          os_cfg_app.o
    0x0801469c   0x0801469c   0x0000016c   Data   RO         1718    .constdata          os_dbg.o
    0x08014808   0x08014808   0x00000030   Data   RO         2068    .constdata          m_wm.l(cos_i.o)
    0x08014838   0x08014838   0x000000c8   Data   RO         2086    .constdata          m_wm.l(rred.o)
    0x08014900   0x08014900   0x00000028   Data   RO         2090    .constdata          m_wm.l(sin_i.o)
    0x08014928   0x08014928   0x00000094   Data   RO         2127    .constdata          c_w.l(bigflt0.o)
    0x080149bc   0x080149bc   0x00000020   Data   RO         2375    Region$$Table       anon$$obj.o
    0x080149dc   0x080149dc   0x00000008   Data   RO         2154    c$$dinf             fz_wm.l(fpconst.o)
    0x080149e4   0x080149e4   0x00000008   Data   RO         2157    c$$dmax             fz_wm.l(fpconst.o)
    0x080149ec   0x080149ec   0x0000001c   Data   RO         2151    locale$$data        c_w.l(lc_numeric_c.o)
    0x08014a08   0x08014a08   0x00000110   Data   RO         2270    locale$$data        c_w.l(lc_ctype_c.o)


    Execution Region RW_IRAM1 (Exec base: 0x20000000, Load base: 0x08014b18, Size: 0x00003bb0, Max: 0x00020000, ABSOLUTE, COMPRESSED[0x00000040])

    Exec Addr    Load Addr    Size         Type   Attr      Idx    E Section Name        Object

    0x20000000   COMPRESSED   0x00000014   Data   RW          274    .data               system_stm32f4xx.o
    0x20000014   COMPRESSED   0x00000001   Data   RW          554    .data               uart1.o
    0x20000015   COMPRESSED   0x00000002   Data   RW          576    .data               uart2.o
    0x20000017   COMPRESSED   0x00000001   PAD
    0x20000018   COMPRESSED   0x00000007   Data   RW          606    .data               uart3.o
    0x2000001f   COMPRESSED   0x00000001   PAD
    0x20000020   COMPRESSED   0x00000054   Data   RW          633    .data               uart6.o
    0x20000074   COMPRESSED   0x00000038   Data   RW          660    .data               pstwo.o
    0x200000ac   COMPRESSED   0x00000002   Data   RW          712    .data               tim2.o
    0x200000ae   COMPRESSED   0x00000002   PAD
    0x200000b0   COMPRESSED   0x00000018   Data   RW          759    .data               dynamics.o
    0x200000c8   COMPRESSED   0x00000010   Data   RW          892    .data               stm32f4xx_rcc.o
    0x200000d8   COMPRESSED   0x00000004   Data   RW         1509    .data               delay.o
    0x200000dc   COMPRESSED   0x00000004   Data   RW         1584    .data               cpu_core.o
    0x200000e0   COMPRESSED   0x00000004   Data   RW         1645    .data               lib_mem.o
    0x200000e4   COMPRESSED   0x00000008   Data   RW         1793    .data               os_prio.o
    0x200000ec   COMPRESSED   0x000000ac   Data   RW         1896    .data               os_var.o
    0x20000198   COMPRESSED   0x00000004   Data   RW         1912    .data               os_cpu_c.o
    0x2000019c        -       0x0000164c   Zero   RW          300    .bss                start_task.o
    0x200017e8        -       0x00000010   Zero   RW          341    .bss                spheremove_task.o
    0x200017f8        -       0x00000091   Zero   RW          575    .bss                uart2.o
    0x20001889        -       0x00000052   Zero   RW          605    .bss                uart3.o
    0x200018db   COMPRESSED   0x00000005   PAD
    0x200018e0        -       0x00000070   Zero   RW          632    .bss                uart6.o
    0x20001950        -       0x00000009   Zero   RW          659    .bss                pstwo.o
    0x20001959   COMPRESSED   0x00000003   PAD
    0x2000195c        -       0x00000030   Zero   RW          758    .bss                dynamics.o
    0x2000198c        -       0x00000010   Zero   RW         1582    .bss                cpu_core.o
    0x2000199c        -       0x00000448   Zero   RW         1644    .bss                lib_mem.o
    0x20001de4        -       0x00001150   Zero   RW         1683    .bss                os_cfg_app.o
    0x20002f34        -       0x0000061c   Zero   RW         1895    .bss                os_var.o
    0x20003550        -       0x00000060   Zero   RW         2185    .bss                c_w.l(libspace.o)
    0x200035b0        -       0x00000200   Zero   RW          783    HEAP                startup_stm32f40_41xxx.o
    0x200037b0        -       0x00000400   Zero   RW          782    STACK               startup_stm32f40_41xxx.o


==============================================================================

Image component sizes


      Code (inc. data)   RO Data    RW Data    ZI Data      Debug   Object Name

       132         14          0          0          0       1255   bsp.o
        52          0          0          0          0        356   cpu_a.o
       680         14        260          4         16      14923   cpu_core.o
       332         24          0          4          0       1563   delay.o
     21040        448          0         24         48      10868   dynamics.o
       598          0          0          0          0       4008   lib_ascii.o
      2502         32          0          4       1096      22520   lib_mem.o
       544          0          0          0          0        504   lib_mem_a.o
      2348          6        148          0          0      14014   lib_str.o
        58          0          0          0          0     333539   main.o
       224         20          0          0          0       2065   misc.o
       208        136        164          0       4432      19730   os_cfg_app.o
      2954        208          0          0          0      11332   os_core.o
       172         32          0          0          0        424   os_cpu_a.o
      1016         64          0          4          0       4233   os_cpu_c.o
       424        280        364          0          0       4881   os_dbg.o
      2808         84          0          0          0       8039   os_flag.o
       508         16          0          0          0       2952   os_mem.o
       556         12          0          0          0       2955   os_msg.o
      1932         84          0          0          0       5570   os_mutex.o
       124          4          0          8          0       2024   os_prio.o
      1752         58          0          0          0       6464   os_q.o
      1768         58          0          0          0       6508   os_sem.o
      1448        150          0          0          0       2893   os_stat.o
      4832        176          0          0          0      13270   os_task.o
      1156         74          0          0          0       3497   os_tick.o
      1092         48          0          0          0       3297   os_time.o
      2012        134          0          0          0       6730   os_tmr.o
         0          0          0        172       1564      18053   os_var.o
      1144         48          0         56          9       4299   pstwo.o
       168         12          0          0         16      29173   spheremove_task.o
       348         70          0          0       5708       2217   start_task.o
        64         26        392          0       1536        876   startup_stm32f40_41xxx.o
       936         32          0          0          0       6641   stm32f4xx_dma.o
       660         44          0          0          0       4405   stm32f4xx_gpio.o
        22          0          0          0          0       1075   stm32f4xx_it.o
      1628         52          0         16          0      13356   stm32f4xx_rcc.o
      3234         60          0          0          0      23260   stm32f4xx_tim.o
      1108         34          0          0          0       8128   stm32f4xx_usart.o
       528         46          0         20          0       1899   system_stm32f4xx.o
       140          6          0          2          0        993   tim2.o
       124          4          0          0          0        732   tim3.o
       236         12          0          1          0        864   uart1.o
       400         68          0          2        145       2523   uart2.o
      2402         66          0          7         82       5780   uart3.o
      2200        182          0         84        112       4737   uart6.o

    ----------------------------------------------------------------------
     68626       2938       1360        412      14772     639425   Object Totals
         0          0         32          0          0          0   (incl. Generated)
        12          0          0          4          8          0   (incl. Padding)

    ----------------------------------------------------------------------

      Code (inc. data)   RO Data    RW Data    ZI Data      Debug   Library Member Name

        60          8          0          0          0         84   __0sscanf.o
        90          0          0          0          0          0   __dczerorl2.o
         8          0          0          0          0         68   __main.o
         0          0          0          0          0          0   __rtentry.o
        12          0          0          0          0          0   __rtentry2.o
         6          0          0          0          0          0   __rtentry4.o
        52          8          0          0          0          0   __scatter.o
        28          0          0          0          0          0   __scatter_zi.o
        28          0          0          0          0         68   _chval.o
        22          0          0          0          0        100   _rserrno.o
       884          4          0          0          0        100   _scanf.o
       224          0          0          0          0         96   _scanf_str.o
        64          0          0          0          0         84   _sgetc.o
       228          4        148          0          0         96   bigflt0.o
      1924        136          0          0          0        756   btod.o
        18          0          0          0          0         80   exit.o
         6          0          0          0          0        152   heapauxi.o
         0          0          0          0          0          0   indicate_semi.o
        18          0          0          0          0         76   isspace.o
        44         10        272          0          0         76   lc_ctype_c.o
        44         10         28          0          0         76   lc_numeric_c.o
         2          0          0          0          0          0   libinit.o
        34          0          0          0          0          0   libinit2.o
         2          0          0          0          0          0   libshutdown.o
         2          0          0          0          0          0   libshutdown2.o
         8          4          0          0         96         68   libspace.o
        38          0          0          0          0         68   llshl.o
       238          0          0          0          0        100   lludivv7m.o
        16          4          0          0          0         76   rt_ctype_table.o
         8          4          0          0          0         68   rt_errno_addr_intlibspace.o
         8          4          0          0          0         68   rt_locale_intlibspace.o
       138          0          0          0          0         68   rt_memcpy_v6.o
       100          0          0          0          0         80   rt_memcpy_w.o
         2          0          0          0          0          0   rtexit.o
        10          0          0          0          0          0   rtexit2.o
        44          8          0          0          0         84   scanf_char.o
      1286         16          0          0          0        236   scanf_fp.o
       800         14          0          0          0        100   scanf_hexfp.o
       308         16          0          0          0        100   scanf_infnan.o
       128          0          0          0          0         68   strcmpv7m.o
        12          4          0          0          0         68   sys_exit.o
        74          0          0          0          0         80   sys_stackheap_outer.o
         2          0          0          0          0         68   use_no_semi.o
        24          0          0          0          0        164   basic.o
        98          4          0          0          0        140   d2f.o
       826         16          0          0          0        492   daddsub_clz.o
        16          4          0          0          0        116   dcheck1.o
        24          0          0          0          0        116   dcmpi.o
       688        140          0          0          0        256   ddiv.o
       120          4          0          0          0        140   deqf.o
        94          4          0          0          0        140   dfix.o
        84          0          0          0          0        232   dflt_clz.o
       120          4          0          0          0        140   dleqf.o
       340         12          0          0          0        152   dmul.o
       156          4          0          0          0        140   dnaninf.o
        12          0          0          0          0        116   dretinf.o
       108          0          0          0          0        128   drleqf.o
       408         56          0          0          0        168   dsqrt_umaal.o
        86          4          0          0          0        132   f2d.o
       140          4          0          0          0        132   fnaninf.o
         0          0         16          0          0          0   fpconst.o
        10          0          0          0          0        116   fpinit.o
        10          0          0          0          0        116   fretinf.o
         6          0          0          0          0        116   istatus.o
       100          0          0          0          0        116   retnan.o
        92          0          0          0          0        116   scalbn.o
         4          0          0          0          0        116   scanf1.o
         8          0          0          0          0        132   scanf2.o
        48          0          0          0          0        116   trapv.o
         0          0          0          0          0          0   usenofp.o
       200         20          0          0          0        164   cos.o
       368         46         48          0          0        200   cos_i.o
       116         24          0          0          0        496   dunder.o
        24          0          0          0          0        124   fabs.o
        48          0          0          0          0        124   fpclassify.o
       140         22          0          0          0        132   frexp.o
       228          8          0          0          0        308   ldexp.o
       266         16          0          0          0        308   narrow.o
       248          0          0          0          0        152   poly.o
      1080        142        200          0          0        188   rred.o
       200         20          0          0          0        164   sin.o
       304         24         40          0          0        208   sin_i.o
       122          0          0          0          0        148   sqrt.o

    ----------------------------------------------------------------------
     14022        834        752          0         96       9876   Library Totals
        36          2          0          0          0          0   (incl. Padding)

    ----------------------------------------------------------------------

      Code (inc. data)   RO Data    RW Data    ZI Data      Debug   Library Name

      7020        254        448          0         96       3312   c_w.l
      3622        256         16          0          0       3848   fz_wm.l
      3344        322        288          0          0       2716   m_wm.l

    ----------------------------------------------------------------------
     14022        834        752          0         96       9876   Library Totals

    ----------------------------------------------------------------------

==============================================================================


      Code (inc. data)   RO Data    RW Data    ZI Data      Debug   

     82648       3772       2112        412      14868     633833   Grand Totals
     82648       3772       2112         64      14868     633833   ELF Image Totals (compressed)
     82648       3772       2112         64          0          0   ROM Totals

==============================================================================

    Total RO  Size (Code + RO Data)                84760 (  82.77kB)
    Total RW  Size (RW Data + ZI Data)             15280 (  14.92kB)
    Total ROM Size (Code + RO Data + RW Data)      84824 (  82.84kB)

==============================================================================

